Component: Arm Compiler for Embedded 6.22 Tool: armlink [5ee90200]

==============================================================================

Section Cross References

    startup_stm32f446xx.o(STACK) refers (Special) to heapauxi.o(.text) for __use_two_region_memory
    startup_stm32f446xx.o(HEAP) refers (Special) to heapauxi.o(.text) for __use_two_region_memory
    startup_stm32f446xx.o(RESET) refers (Special) to heapauxi.o(.text) for __use_two_region_memory
    startup_stm32f446xx.o(RESET) refers to startup_stm32f446xx.o(STACK) for __initial_sp
    startup_stm32f446xx.o(RESET) refers to startup_stm32f446xx.o(.text) for Reset_Handler
    startup_stm32f446xx.o(RESET) refers to stm32f4xx_it.o(.text.NMI_Handler) for NMI_Handler
    startup_stm32f446xx.o(RESET) refers to stm32f4xx_it.o(.text.HardFault_Handler) for HardFault_Handler
    startup_stm32f446xx.o(RESET) refers to stm32f4xx_it.o(.text.MemManage_Handler) for MemManage_Handler
    startup_stm32f446xx.o(RESET) refers to stm32f4xx_it.o(.text.BusFault_Handler) for BusFault_Handler
    startup_stm32f446xx.o(RESET) refers to stm32f4xx_it.o(.text.UsageFault_Handler) for UsageFault_Handler
    startup_stm32f446xx.o(RESET) refers to stm32f4xx_it.o(.text.SVC_Handler) for SVC_Handler
    startup_stm32f446xx.o(RESET) refers to stm32f4xx_it.o(.text.DebugMon_Handler) for DebugMon_Handler
    startup_stm32f446xx.o(RESET) refers to stm32f4xx_it.o(.text.PendSV_Handler) for PendSV_Handler
    startup_stm32f446xx.o(RESET) refers to stm32f4xx_it.o(.text.SysTick_Handler) for SysTick_Handler
    startup_stm32f446xx.o(.text) refers (Special) to heapauxi.o(.text) for __use_two_region_memory
    startup_stm32f446xx.o(.text) refers to system_stm32f4xx.o(.text.SystemInit) for SystemInit
    startup_stm32f446xx.o(.text) refers to __main.o(!!!main) for __main
    startup_stm32f446xx.o(.text) refers to startup_stm32f446xx.o(HEAP) for Heap_Mem
    startup_stm32f446xx.o(.text) refers to startup_stm32f446xx.o(STACK) for Stack_Mem
    main.o(.text.main) refers to stm32f4xx_hal.o(.text.HAL_Init) for HAL_Init
    main.o(.text.main) refers to main.o(.text.SystemClock_Config) for SystemClock_Config
    main.o(.text.main) refers to stm32f4xx_hal_gpio.o(.text.HAL_GPIO_WritePin) for HAL_GPIO_WritePin
    main.o(.text.main) refers to stm32f4xx_hal_gpio.o(.text.HAL_GPIO_Init) for HAL_GPIO_Init
    main.o(.text.main) refers to main.o(.bss..L_MergedGlobals) for .L_MergedGlobals
    main.o(.text.main) refers to stm32f4xx_hal_crc.o(.text.HAL_CRC_Init) for HAL_CRC_Init
    main.o(.text.main) refers to stm32f4xx_hal_uart.o(.text.HAL_UART_Init) for HAL_UART_Init
    main.o(.text.main) refers to main.o(.bss.huart3) for huart3
    main.o(.text.main) refers to stm32f4xx_hal_gpio.o(.text.HAL_GPIO_ReadPin) for HAL_GPIO_ReadPin
    main.o(.text.main) refers to main.o(.text.printmsg) for printmsg
    main.o(.text.main) refers to main.o(.rodata.str1.1) for .L.str.2
    main.o(.text.main) refers to stm32f4xx_hal.o(.text.HAL_GetTick) for HAL_GetTick
    main.o(.ARM.exidx.text.main) refers to main.o(.text.main) for [Anonymous Symbol]
    main.o(.text.SystemClock_Config) refers to rt_memclr_w.o(.text) for __aeabi_memclr4
    main.o(.text.SystemClock_Config) refers to stm32f4xx_hal_rcc_ex.o(.text.HAL_RCC_OscConfig) for HAL_RCC_OscConfig
    main.o(.text.SystemClock_Config) refers to stm32f4xx_hal_rcc.o(.text.HAL_RCC_ClockConfig) for HAL_RCC_ClockConfig
    main.o(.ARM.exidx.text.SystemClock_Config) refers to main.o(.text.SystemClock_Config) for [Anonymous Symbol]
    main.o(.text.printmsg) refers to vsnprintf.o(.text) for vsnprintf
    main.o(.text.printmsg) refers to strlen.o(.text) for strlen
    main.o(.text.printmsg) refers to main.o(.bss..L_MergedGlobals) for .L_MergedGlobals
    main.o(.text.printmsg) refers to stm32f4xx_hal_uart.o(.text.HAL_UART_Transmit) for HAL_UART_Transmit
    main.o(.ARM.exidx.text.printmsg) refers to main.o(.text.printmsg) for [Anonymous Symbol]
    main.o(.ARM.exidx.text.bootloader_uart_read_data) refers to main.o(.text.bootloader_uart_read_data) for [Anonymous Symbol]
    main.o(.text.bootloader_jump_to_user_app) refers to main.o(.rodata.str1.1) for .L.str.2
    main.o(.text.bootloader_jump_to_user_app) refers to main.o(.text.printmsg) for printmsg
    main.o(.ARM.exidx.text.bootloader_jump_to_user_app) refers to main.o(.text.bootloader_jump_to_user_app) for [Anonymous Symbol]
    main.o(.ARM.exidx.text.Error_Handler) refers to main.o(.text.Error_Handler) for [Anonymous Symbol]
    stm32f4xx_it.o(.ARM.exidx.text.NMI_Handler) refers to stm32f4xx_it.o(.text.NMI_Handler) for [Anonymous Symbol]
    stm32f4xx_it.o(.ARM.exidx.text.HardFault_Handler) refers to stm32f4xx_it.o(.text.HardFault_Handler) for [Anonymous Symbol]
    stm32f4xx_it.o(.ARM.exidx.text.MemManage_Handler) refers to stm32f4xx_it.o(.text.MemManage_Handler) for [Anonymous Symbol]
    stm32f4xx_it.o(.ARM.exidx.text.BusFault_Handler) refers to stm32f4xx_it.o(.text.BusFault_Handler) for [Anonymous Symbol]
[...]
    ../clib/signal.c                         0x00000000   Number         0  defsig_pvfn_inner.o ABSOLUTE
    ../clib/signal.c                         0x00000000   Number         0  defsig_cppl_inner.o ABSOLUTE
    ../clib/signal.c                         0x00000000   Number         0  defsig_segv_inner.o ABSOLUTE
    ../clib/signal.c                         0x00000000   Number         0  defsig_other.o ABSOLUTE
    ../clib/signal.s                         0x00000000   Number         0  defsig.o ABSOLUTE
    ../clib/stdlib.c                         0x00000000   Number         0  exit.o ABSOLUTE
    ../clib/string.c                         0x00000000   Number         0  strlen.o ABSOLUTE
    ../fplib/fpinit.s                        0x00000000   Number         0  fpinit.o ABSOLUTE
    ../fplib/istatus.s                       0x00000000   Number         0  istatus.o ABSOLUTE
    ../fplib/printf1.s                       0x00000000   Number         0  printf1.o ABSOLUTE
    ../fplib/printf2.s                       0x00000000   Number         0  printf2.o ABSOLUTE
    ../fplib/printf2a.s                      0x00000000   Number         0  printf2a.o ABSOLUTE
    ../fplib/printf2b.s                      0x00000000   Number         0  printf2b.o ABSOLUTE
    ../fplib/usenofp.s                       0x00000000   Number         0  usenofp.o ABSOLUTE
    ../mathlib/fpclassify.c                  0x00000000   Number         0  fpclassify.o ABSOLUTE
    dc.s                                     0x00000000   Number         0  dc.o ABSOLUTE
    main.c                                   0x00000000   Number         0  main.o ABSOLUTE
    startup_stm32f446xx.s                    0x00000000   Number         0  startup_stm32f446xx.o ABSOLUTE
    stm32f4xx_hal.c                          0x00000000   Number         0  stm32f4xx_hal.o ABSOLUTE
    stm32f4xx_hal_cortex.c                   0x00000000   Number         0  stm32f4xx_hal_cortex.o ABSOLUTE
    stm32f4xx_hal_crc.c                      0x00000000   Number         0  stm32f4xx_hal_crc.o ABSOLUTE
    stm32f4xx_hal_dma.c                      0x00000000   Number         0  stm32f4xx_hal_dma.o ABSOLUTE
    stm32f4xx_hal_dma_ex.c                   0x00000000   Number         0  stm32f4xx_hal_dma_ex.o ABSOLUTE
    stm32f4xx_hal_exti.c                     0x00000000   Number         0  stm32f4xx_hal_exti.o ABSOLUTE
    stm32f4xx_hal_flash.c                    0x00000000   Number         0  stm32f4xx_hal_flash.o ABSOLUTE
    stm32f4xx_hal_flash_ex.c                 0x00000000   Number         0  stm32f4xx_hal_flash_ex.o ABSOLUTE
    stm32f4xx_hal_flash_ramfunc.c            0x00000000   Number         0  stm32f4xx_hal_flash_ramfunc.o ABSOLUTE
    stm32f4xx_hal_gpio.c                     0x00000000   Number         0  stm32f4xx_hal_gpio.o ABSOLUTE
    stm32f4xx_hal_msp.c                      0x00000000   Number         0  stm32f4xx_hal_msp.o ABSOLUTE
    stm32f4xx_hal_pwr.c                      0x00000000   Number         0  stm32f4xx_hal_pwr.o ABSOLUTE
    stm32f4xx_hal_pwr_ex.c                   0x00000000   Number         0  stm32f4xx_hal_pwr_ex.o ABSOLUTE
    stm32f4xx_hal_rcc.c                      0x00000000   Number         0  stm32f4xx_hal_rcc.o ABSOLUTE
    stm32f4xx_hal_rcc_ex.c                   0x00000000   Number         0  stm32f4xx_hal_rcc_ex.o ABSOLUTE
    stm32f4xx_hal_uart.c                     0x00000000   Number         0  stm32f4xx_hal_uart.o ABSOLUTE
    stm32f4xx_it.c                           0x00000000   Number         0  stm32f4xx_it.o ABSOLUTE
    system_stm32f4xx.c                       0x00000000   Number         0  system_stm32f4xx.o ABSOLUTE
    RESET                                    0x08000000   Section      452  startup_stm32f446xx.o(RESET)
    !!!main                                  0x080001c4   Section        8  __main.o(!!!main)
    !!!scatter                               0x080001cc   Section       92  __scatter.o(!!!scatter)
    !!handler_copy                           0x08000228   Section       26  __scatter_copy.o(!!handler_copy)
    !!handler_null                           0x08000244   Section        2  __scatter.o(!!handler_null)
    !!handler_zi                             0x08000248   Section       28  __scatter_zi.o(!!handler_zi)
    .ARM.Collect$$_printf_percent$$00000000  0x08000264   Section        0  _printf_percent.o(.ARM.Collect$$_printf_percent$$00000000)
    .ARM.Collect$$_printf_percent$$00000001  0x08000264   Section        6  _printf_n.o(.ARM.Collect$$_printf_percent$$00000001)
    .ARM.Collect$$_printf_percent$$00000002  0x0800026a   Section        6  _printf_p.o(.ARM.Collect$$_printf_percent$$00000002)
    .ARM.Collect$$_printf_percent$$00000003  0x08000270   Section        6  _printf_f.o(.ARM.Collect$$_printf_percent$$00000003)
    .ARM.Collect$$_printf_percent$$00000004  0x08000276   Section        6  _printf_e.o(.ARM.Collect$$_printf_percent$$00000004)
    .ARM.Collect$$_printf_percent$$00000005  0x0800027c   Section        6  _printf_g.o(.ARM.Collect$$_printf_percent$$00000005)
    .ARM.Collect$$_printf_percent$$00000006  0x08000282   Section        6  _printf_a.o(.ARM.Collect$$_printf_percent$$00000006)
    .ARM.Collect$$_printf_percent$$00000007  0x08000288   Section       10  _printf_ll.o(.ARM.Collect$$_printf_percent$$00000007)
    .ARM.Collect$$_printf_percent$$00000008  0x08000292   Section        6  _printf_i.o(.ARM.Collect$$_printf_percent$$00000008)
    .ARM.Collect$$_printf_percent$$00000009  0x08000298   Section        6  _printf_d.o(.ARM.Collect$$_printf_percent$$00000009)
    .ARM.Collect$$_printf_percent$$0000000A  0x0800029e   Section        6  _printf_u.o(.ARM.Collect$$_printf_percent$$0000000A)
    .ARM.Collect$$_printf_percent$$0000000B  0x080002a4   Section        6  _printf_o.o(.ARM.Collect$$_printf_percent$$0000000B)
    .ARM.Collect$$_printf_percent$$0000000C  0x080002aa   Section        6  _printf_x.o(.ARM.Collect$$_printf_percent$$0000000C)
    .ARM.Collect$$_printf_percent$$0000000D  0x080002b0   Section        6  _printf_lli.o(.ARM.Collect$$_printf_percent$$0000000D)
    .ARM.Collect$$_printf_percent$$0000000E  0x080002b6   Section        6  _printf_lld.o(.ARM.Collect$$_printf_percent$$0000000E)
    .ARM.Collect$$_printf_percent$$0000000F  0x080002bc   Section        6  _printf_llu.o(.ARM.Collect$$_printf_percent$$0000000F)
    .ARM.Collect$$_printf_percent$$00000010  0x080002c2   Section        6  _printf_llo.o(.ARM.Collect$$_printf_percent$$00000010)
    .ARM.Collect$$_printf_percent$$00000011  0x080002c8   Section        6  _printf_llx.o(.ARM.Collect$$_printf_percent$$00000011)
    .ARM.Collect$$_printf_percent$$00000012  0x080002ce   Section       10  _printf_l.o(.ARM.Collect$$_printf_percent$$00000012)
    .ARM.Collect$$_printf_percent$$00000013  0x080002d8   Section        6  _printf_c.o(.ARM.Collect$$_printf_percent$$00000013)
    .ARM.Collect$$_printf_percent$$00000014  0x080002de   Section        6  _printf_s.o(.ARM.Collect$$_printf_percent$$00000014)
    .ARM.Collect$$_printf_percent$$00000015  0x080002e4   Section        6  _printf_lc.o(.ARM.Collect$$_printf_percent$$00000015)
    .ARM.Collect$$_printf_percent$$00000016  0x080002ea   Section        6  _printf_ls.o(.ARM.Collect$$_printf_percent$$00000016)
    .ARM.Collect$$_printf_percent$$00000017  0x080002f0   Section        4  _printf_percent_end.o(.ARM.Collect$$_printf_percent$$00000017)
    .ARM.Collect$$libinit$$00000000          0x080002f4   Section        2  libinit.o(.ARM.Collect$$libinit$$00000000)
    .ARM.Collect$$libinit$$00000001          0x080002f6   Section        4  libinit2.o(.ARM.Collect$$libinit$$00000001)
    .ARM.Collect$$libinit$$00000004          0x080002fa   Section        0  libinit2.o(.ARM.Collect$$libinit$$00000004)
    .ARM.Collect$$libinit$$00000006          0x080002fa   Section        0  libinit2.o(.ARM.Collect$$libinit$$00000006)
    .ARM.Collect$$libinit$$0000000C          0x080002fa   Section        0  libinit2.o(.ARM.Collect$$libinit$$0000000C)
    .ARM.Collect$$libinit$$0000000E          0x080002fa   Section        0  libinit2.o(.ARM.Collect$$libinit$$0000000E)
    .ARM.Collect$$libinit$$00000010          0x080002fa   Section        0  libinit2.o(.ARM.Collect$$libinit$$00000010)
    .ARM.Collect$$libinit$$00000011          0x080002fa   Section        6  libinit2.o(.ARM.Collect$$libinit$$00000011)
    .ARM.Collect$$libinit$$00000013          0x08000300   Section        0  libinit2.o(.ARM.Collect$$libinit$$00000013)
    .ARM.Collect$$libinit$$00000014          0x08000300   Section       12  libinit2.o(.ARM.Collect$$libinit$$00000014)
    .ARM.Collect$$libinit$$00000015          0x0800030c   Section        0  libinit2.o(.ARM.Collect$$libinit$$00000015)
    .ARM.Collect$$libinit$$00000017          0x0800030c   Section        0  libinit2.o(.ARM.Collect$$libinit$$00000017)
    .ARM.Collect$$libinit$$00000018          0x0800030c   Section       10  libinit2.o(.ARM.Collect$$libinit$$00000018)
    .ARM.Collect$$libinit$$00000019          0x08000316   Section        0  libinit2.o(.ARM.Collect$$libinit$$00000019)
    .ARM.Collect$$libinit$$0000001B          0x08000316   Section        0  libinit2.o(.ARM.Collect$$libinit$$0000001B)
    .ARM.Collect$$libinit$$0000001D          0x08000316   Section        0  libinit2.o(.ARM.Collect$$libinit$$0000001D)
    .ARM.Collect$$libinit$$0000001F          0x08000316   Section        0  libinit2.o(.ARM.Collect$$libinit$$0000001F)
    .ARM.Collect$$libinit$$00000021          0x08000316   Section        0  libinit2.o(.ARM.Collect$$libinit$$00000021)
    .ARM.Collect$$libinit$$00000023          0x08000316   Section        0  libinit2.o(.ARM.Collect$$libinit$$00000023)
    .ARM.Collect$$libinit$$00000025          0x08000316   Section        0  libinit2.o(.ARM.Collect$$libinit$$00000025)
    .ARM.Collect$$libinit$$00000027          0x08000316   Section        0  libinit2.o(.ARM.Collect$$libinit$$00000027)
    .ARM.Collect$$libinit$$0000002E          0x08000316   Section        0  libinit2.o(.ARM.Collect$$libinit$$0000002E)
    .ARM.Collect$$libinit$$00000030          0x08000316   Section        0  libinit2.o(.ARM.Collect$$libinit$$00000030)
    .ARM.Collect$$libinit$$00000032          0x08000316   Section        0  libinit2.o(.ARM.Collect$$libinit$$00000032)
    .ARM.Collect$$libinit$$00000034          0x08000316   Section        0  libinit2.o(.ARM.Collect$$libinit$$00000034)
    .ARM.Collect$$libinit$$00000035          0x08000316   Section        2  libinit2.o(.ARM.Collect$$libinit$$00000035)
    .ARM.Collect$$libshutdown$$00000000      0x08000318   Section        2  libshutdown.o(.ARM.Collect$$libshutdown$$00000000)
    .ARM.Collect$$libshutdown$$00000002      0x0800031a   Section        0  libshutdown2.o(.ARM.Collect$$libshutdown$$00000002)
    .ARM.Collect$$libshutdown$$00000004      0x0800031a   Section        0  libshutdown2.o(.ARM.Collect$$libshutdown$$00000004)
    .ARM.Collect$$libshutdown$$00000007      0x0800031a   Section        0  libshutdown2.o(.ARM.Collect$$libshutdown$$00000007)
    .ARM.Collect$$libshutdown$$0000000A      0x0800031a   Section        0  libshutdown2.o(.ARM.Collect$$libshutdown$$0000000A)
    .ARM.Collect$$libshutdown$$0000000C      0x0800031a   Section        0  libshutdown2.o(.ARM.Collect$$libshutdown$$0000000C)
    .ARM.Collect$$libshutdown$$0000000F      0x0800031a   Section        0  libshutdown2.o(.ARM.Collect$$libshutdown$$0000000F)
    .ARM.Collect$$libshutdown$$00000010      0x0800031a   Section        2  libshutdown2.o(.ARM.Collect$$libshutdown$$00000010)
    .ARM.Collect$$rtentry$$00000000          0x0800031c   Section        0  __rtentry.o(.ARM.Collect$$rtentry$$00000000)
    .ARM.Collect$$rtentry$$00000002          0x0800031c   Section        0  __rtentry2.o(.ARM.Collect$$rtentry$$00000002)
    .ARM.Collect$$rtentry$$00000004          0x0800031c   Section        6  __rtentry4.o(.ARM.Collect$$rtentry$$00000004)
    .ARM.Collect$$rtentry$$00000009          0x08000322   Section        0  __rtentry2.o(.ARM.Collect$$rtentry$$00000009)
    .ARM.Collect$$rtentry$$0000000A          0x08000322   Section        4  __rtentry2.o(.ARM.Collect$$rtentry$$0000000A)
    .ARM.Collect$$rtentry$$0000000C          0x08000326   Section        0  __rtentry2.o(.ARM.Collect$$rtentry$$0000000C)
    .ARM.Collect$$rtentry$$0000000D          0x08000326   Section        8  __rtentry2.o(.ARM.Collect$$rtentry$$0000000D)
    .ARM.Collect$$rtexit$$00000000           0x0800032e   Section        2  rtexit.o(.ARM.Collect$$rtexit$$00000000)
    .ARM.Collect$$rtexit$$00000002           0x08000330   Section        0  rtexit2.o(.ARM.Collect$$rtexit$$00000002)
    .ARM.Collect$$rtexit$$00000003           0x08000330   Section        4  rtexit2.o(.ARM.Collect$$rtexit$$00000003)
    .ARM.Collect$$rtexit$$00000004           0x08000334   Section        6  rtexit2.o(.ARM.Collect$$rtexit$$00000004)
    $v0                                      0x0800033c   Number         0  startup_stm32f446xx.o(.text)
    .text                                    0x0800033c   Section       64  startup_stm32f446xx.o(.text)
    .text                                    0x0800037c   Section      240  lludivv7m.o(.text)
    .text                                    0x0800046c   Section        0  vsnprintf.o(.text)
    .text                                    0x080004a8   Section        0  strlen.o(.text)
    .text                                    0x080004e6   Section       78  rt_memclr_w.o(.text)
    .text                                    0x08000534   Section        0  heapauxi.o(.text)
    .text                                    0x0800053a   Section        0  _printf_pad.o(.text)
    .text                                    0x08000588   Section        0  _printf_truncate.o(.text)
    .text                                    0x080005ac   Section        0  _printf_str.o(.text)
    .text                                    0x08000600   Section        0  _printf_dec.o(.text)
    .text                                    0x08000678   Section        0  _printf_charcount.o(.text)
    _printf_input_char                       0x080006a1   Thumb Code    10  _printf_char_common.o(.text)
    .text                                    0x080006a0   Section        0  _printf_char_common.o(.text)
    .text                                    0x080006d0   Section        0  _snputc.o(.text)
    .text                                    0x080006e0   Section        0  _printf_wctomb.o(.text)
    .text                                    0x0800079c   Section        0  _printf_longlong_dec.o(.text)
    _printf_longlong_oct_internal            0x08000819   Thumb Code     0  _printf_oct_int_ll.o(.text)
    .text                                    0x08000818   Section        0  _printf_oct_int_ll.o(.text)
    _printf_hex_common                       0x08000889   Thumb Code     0  _printf_hex_int_ll_ptr.o(.text)
    .text                                    0x08000888   Section        0  _printf_hex_int_ll_ptr.o(.text)
    .text                                    0x0800091c   Section        0  __printf_flags_ss_wp.o(.text)
    .text                                    0x08000aa4   Section      138  lludiv10.o(.text)
    .text                                    0x08000b2e   Section        0  _printf_intcommon.o(.text)
    _fp_digits                               0x08000be1   Thumb Code   432  _printf_fp_dec.o(.text)
    .text                                    0x08000be0   Section        0  _printf_fp_dec.o(.text)
    .text                                    0x08000ffc   Section        0  _printf_fp_hex.o(.text)
    .text                                    0x080012f8   Section        0  _printf_char.o(.text)
    .text                                    0x08001324   Section        0  _printf_wchar.o(.text)
    .text                                    0x08001350   Section        0  _c16rtomb.o(.text)
    .text                                    0x08001398   Section       74  sys_stackheap_outer.o(.text)
    .text                                    0x080013e4   Section       16  rt_ctype_table.o(.text)
    .text                                    0x080013f4   Section        8  rt_locale_intlibspace.o(.text)
    .text                                    0x080013fc   Section        0  _printf_fp_infnan.o(.text)
    .text                                    0x0800147c   Section        0  bigflt0.o(.text)
    .text                                    0x08001560   Section        0  exit.o(.text)
    .text                                    0x08001574   Section        8  libspace.o(.text)
    .text                                    0x08001580   Section      124  strcmpv7em.o(.text)
    .text                                    0x080015fc   Section        0  sys_exit.o(.text)
    .text                                    0x08001608   Section        2  use_no_semi.o(.text)
    .text                                    0x0800160a   Section        0  indicate_semi.o(.text)
    [Anonymous Symbol]                       0x0800160c   Section        0  stm32f4xx_it.o(.text.BusFault_Handler)
    [Anonymous Symbol]                       0x08001610   Section        0  stm32f4xx_it.o(.text.DebugMon_Handler)
    [Anonymous Symbol]                       0x08001614   Section        0  stm32f4xx_hal_crc.o(.text.HAL_CRC_Init)
    [Anonymous Symbol]                       0x08001644   Section        0  stm32f4xx_hal_msp.o(.text.HAL_CRC_MspInit)
    [Anonymous Symbol]                       0x08001674   Section        0  stm32f4xx_hal_gpio.o(.text.HAL_GPIO_Init)
    [Anonymous Symbol]                       0x08001814   Section        0  stm32f4xx_hal_gpio.o(.text.HAL_GPIO_ReadPin)
    [Anonymous Symbol]                       0x08001820   Section        0  stm32f4xx_hal_gpio.o(.text.HAL_GPIO_WritePin)
    [Anonymous Symbol]                       0x0800182c   Section        0  stm32f4xx_hal.o(.text.HAL_GetTick)
    [Anonymous Symbol]                       0x08001838   Section        0  stm32f4xx_hal.o(.text.HAL_IncTick)
    [Anonymous Symbol]                       0x08001854   Section        0  stm32f4xx_hal.o(.text.HAL_Init)
    [Anonymous Symbol]                       0x0800188c   Section        0  stm32f4xx_hal.o(.text.HAL_InitTick)
    [Anonymous Symbol]                       0x080018d4   Section        0  stm32f4xx_hal_msp.o(.text.HAL_MspInit)
    [Anonymous Symbol]                       0x08001910   Section        0  stm32f4xx_hal_cortex.o(.text.HAL_NVIC_SetPriority)
    [Anonymous Symbol]                       0x08001968   Section        0  stm32f4xx_hal_cortex.o(.text.HAL_NVIC_SetPriorityGrouping)
    [Anonymous Symbol]                       0x08001988   Section        0  stm32f4xx_hal_rcc.o(.text.HAL_RCC_ClockConfig)
    [Anonymous Symbol]                       0x08001aec   Section        0  stm32f4xx_hal_rcc.o(.text.HAL_RCC_GetPCLK1Freq)
    [Anonymous Symbol]                       0x08001b14   Section        0  stm32f4xx_hal_rcc.o(.text.HAL_RCC_GetPCLK2Freq)
    [Anonymous Symbol]                       0x08001b3c   Section        0  stm32f4xx_hal_rcc_ex.o(.text.HAL_RCC_GetSysClockFreq)
    [Anonymous Symbol]                       0x08001be0   Section        0  stm32f4xx_hal_rcc_ex.o(.text.HAL_RCC_OscConfig)
    [Anonymous Symbol]                       0x08001fbc   Section        0  stm32f4xx_hal_cortex.o(.text.HAL_SYSTICK_Config)
    [Anonymous Symbol]                       0x08001fe8   Section        0  stm32f4xx_hal_uart.o(.text.HAL_UART_Init)
    [Anonymous Symbol]                       0x08002048   Section        0  stm32f4xx_hal_msp.o(.text.HAL_UART_MspInit)
    [Anonymous Symbol]                       0x0800210c   Section        0  stm32f4xx_hal_uart.o(.text.HAL_UART_Transmit)
    [Anonymous Symbol]                       0x080022a0   Section        0  stm32f4xx_it.o(.text.HardFault_Handler)
    [Anonymous Symbol]                       0x080022a4   Section        0  stm32f4xx_it.o(.text.MemManage_Handler)
    [Anonymous Symbol]                       0x080022a8   Section        0  stm32f4xx_it.o(.text.NMI_Handler)
    [Anonymous Symbol]                       0x080022ac   Section        0  stm32f4xx_it.o(.text.PendSV_Handler)
    [Anonymous Symbol]                       0x080022b0   Section        0  stm32f4xx_it.o(.text.SVC_Handler)
    [Anonymous Symbol]                       0x080022b4   Section        0  stm32f4xx_it.o(.text.SysTick_Handler)
    [Anonymous Symbol]                       0x080022b8   Section        0  main.o(.text.SystemClock_Config)
    [Anonymous Symbol]                       0x0800235c   Section        0  system_stm32f4xx.o(.text.SystemInit)
    UART_SetConfig                           0x08002371   Thumb Code   230  stm32f4xx_hal_uart.o(.text.UART_SetConfig)
    [Anonymous Symbol]                       0x08002370   Section        0  stm32f4xx_hal_uart.o(.text.UART_SetConfig)
    [Anonymous Symbol]                       0x08002458   Section        0  stm32f4xx_it.o(.text.UsageFault_Handler)
    [Anonymous Symbol]                       0x0800245c   Section        0  main.o(.text.main)
    printmsg                                 0x08002661   Thumb Code    68  main.o(.text.printmsg)
    [Anonymous Symbol]                       0x08002660   Section        0  main.o(.text.printmsg)
    CL$$btod_d2e                             0x080026a4   Section       62  btod.o(CL$$btod_d2e)
    CL$$btod_d2e_denorm_low                  0x080026e2   Section       70  btod.o(CL$$btod_d2e_denorm_low)
    CL$$btod_d2e_norm_op1                    0x08002728   Section       96  btod.o(CL$$btod_d2e_norm_op1)
    CL$$btod_div_common                      0x08002788   Section      824  btod.o(CL$$btod_div_common)
    CL$$btod_e2e                             0x08002ac0   Section      220  btod.o(CL$$btod_e2e)
    CL$$btod_ediv                            0x08002b9c   Section       42  btod.o(CL$$btod_ediv)
    CL$$btod_emul                            0x08002bc6   Section       42  btod.o(CL$$btod_emul)
    CL$$btod_mult_common                     0x08002bf0   Section      580  btod.o(CL$$btod_mult_common)
    i.__ARM_fpclassify                       0x08002e34   Section        0  fpclassify.o(i.__ARM_fpclassify)
    i._is_digit                              0x08002e64   Section        0  __printf_wp.o(i._is_digit)
    locale$$code                             0x08002e74   Section       44  lc_numeric_c.o(locale$$code)
    locale$$code                             0x08002ea0   Section       44  lc_ctype_c.o(locale$$code)
    $v0                                      0x08002ecc   Number         0  fpinit.o(x$fpl$fpinit)
    x$fpl$fpinit                             0x08002ecc   Section       26  fpinit.o(x$fpl$fpinit)
    $v0                                      0x08002ee6   Number         0  printf1.o(x$fpl$printf1)
    x$fpl$printf1                            0x08002ee6   Section        4  printf1.o(x$fpl$printf1)
    $v0                                      0x08002eea   Number         0  printf2.o(x$fpl$printf2)
    x$fpl$printf2                            0x08002eea   Section        4  printf2.o(x$fpl$printf2)
    x$fpl$usenofp                            0x08002eee   Section        0  usenofp.o(x$fpl$usenofp)
    initial_mbstate                          0x08002ef0   Data           8  _printf_wctomb.o(.constdata)
    .constdata                               0x08002ef0   Section        8  _printf_wctomb.o(.constdata)
    uc_hextab                                0x08002ef8   Data          20  _printf_hex_int_ll_ptr.o(.constdata)
    .constdata                               0x08002ef8   Section       40  _printf_hex_int_ll_ptr.o(.constdata)
    lc_hextab                                0x08002f0c   Data          20  _printf_hex_int_ll_ptr.o(.constdata)
    maptable                                 0x08002f20   Data          17  __printf_flags_ss_wp.o(.constdata)
    .constdata                               0x08002f20   Section       17  __printf_flags_ss_wp.o(.constdata)
    lc_hextab                                0x08002f31   Data          19  _printf_fp_hex.o(.constdata)
    .constdata                               0x08002f31   Section       38  _printf_fp_hex.o(.constdata)
    uc_hextab                                0x08002f44   Data          19  _printf_fp_hex.o(.constdata)
    tenpwrs_x                                0x08002f58   Data          60  bigflt0.o(.constdata)
    .constdata                               0x08002f58   Section      148  bigflt0.o(.constdata)
    tenpwrs_i                                0x08002f94   Data          64  bigflt0.o(.constdata)
    .L.str.3                                 0x08003004   Data          29  main.o(.rodata.str1.1)
    [Anonymous Symbol]                       0x08003004   Section        0  main.o(.rodata.str1.1)
    .L.str.4                                 0x08003021   Data          41  main.o(.rodata.str1.1)
    .L.str.2                                 0x0800304a   Data          41  main.o(.rodata.str1.1)
    locale$$data                             0x08003094   Section       28  lc_numeric_c.o(locale$$data)
    __lcnum_c_name                           0x08003098   Data           2  lc_numeric_c.o(locale$$data)
    __lcnum_c_start                          0x080030a0   Data           0  lc_numeric_c.o(locale$$data)
    __lcnum_c_point                          0x080030ac   Data           0  lc_numeric_c.o(locale$$data)
    __lcnum_c_thousands                      0x080030ae   Data           0  lc_numeric_c.o(locale$$data)
    __lcnum_c_grouping                       0x080030af   Data           0  lc_numeric_c.o(locale$$data)
    __lcnum_c_end                            0x080030b0   Data           0  lc_numeric_c.o(locale$$data)
    locale$$data                             0x080030b0   Section      272  lc_ctype_c.o(locale$$data)
    __lcctype_c_name                         0x080030b4   Data           2  lc_ctype_c.o(locale$$data)
    __lcctype_c_start                        0x080030bc   Data           0  lc_ctype_c.o(locale$$data)
    __lcctype_c_end                          0x080031c0   Data           0  lc_ctype_c.o(locale$$data)
    .L_MergedGlobals                         0x20000000   Data           8  stm32f4xx_hal.o(.data..L_MergedGlobals)
    [Anonymous Symbol]                       0x20000000   Section        0  stm32f4xx_hal.o(.data..L_MergedGlobals)
    .bss                                     0x20000010   Section       96  libspace.o(.bss)
    .L_MergedGlobals                         0x20000070   Data          80  main.o(.bss..L_MergedGlobals)
    [Anonymous Symbol]                       0x20000070   Section        0  main.o(.bss..L_MergedGlobals)
    Heap_Mem                                 0x20000110   Data         512  startup_stm32f446xx.o(HEAP)
    HEAP                                     0x20000110   Section      512  startup_stm32f446xx.o(HEAP)
    Stack_Mem                                0x20000310   Data        1024  startup_stm32f446xx.o(STACK)
    STACK                                    0x20000310   Section     1024  startup_stm32f446xx.o(STACK)
    __initial_sp                             0x20000710   Data           0  startup_stm32f446xx.o(STACK)

    Global Symbols

    Symbol Name                              Value     Ov Type        Size  Object(Section)

    BuildAttributes$$THM_ISAv4$E$P$D$K$B$S$7EM$VFPi3$EXTD16$VFPS$VFMA$PE$A:L22UL41UL21$X:L11$S22US41US21$IEEE1$IW$~IW$USESV6$~STKCKD$USESV7$~SHL$OTIME$ROPI$IEEEJ$EBA8$UX$STANDARDLIB$REQ8$PRES8$EABIv2 0x00000000   Number         0  anon$$obj.o ABSOLUTE
    _printf_flags                            0x00000000   Number         0  printf_stubs.o ABSOLUTE
    _printf_return_value                     0x00000000   Number         0  printf_stubs.o ABSOLUTE
    _printf_sizespec                         0x00000000   Number         0  printf_stubs.o ABSOLUTE
    _printf_widthprec                        0x00000000   Number         0  printf_stubs.o ABSOLUTE
    __ARM_exceptions_init                     - Undefined Weak Reference
    __alloca_initialize                       - Undefined Weak Reference
    __arm_preinit_                            - Undefined Weak Reference
    __arm_relocate_pie_                       - Undefined Weak Reference
    __cpp_initialize__aeabi_                  - Undefined Weak Reference
    __cxa_finalize                            - Undefined Weak Reference
    __sigvec_lookup                           - Undefined Weak Reference
    _atexit_init                              - Undefined Weak Reference
    _call_atexit_fns                          - Undefined Weak Reference
    _clock_init                               - Undefined Weak Reference
    _fp_trap_init                             - Undefined Weak Reference
    _fp_trap_shutdown                         - Undefined Weak Reference
    _get_lc_collate                           - Undefined Weak Reference
    _get_lc_monetary                          - Undefined Weak Reference
    _get_lc_time                              - Undefined Weak Reference
    _getenv_init                              - Undefined Weak Reference
    _handle_redirection                       - Undefined Weak Reference
    _init_alloc                               - Undefined Weak Reference
    _init_user_alloc                          - Undefined Weak Reference
    _initio                                   - Undefined Weak Reference
    _printf_mbtowc                            - Undefined Weak Reference
    _printf_wc                                - Undefined Weak Reference
    _rand_init                                - Undefined Weak Reference
    _signal_finish                            - Undefined Weak Reference
    _signal_init                              - Undefined Weak Reference
    _terminate_alloc                          - Undefined Weak Reference
    _terminate_user_alloc                     - Undefined Weak Reference
    _terminateio                              - Undefined Weak Reference
    __Vectors_Size                           0x000001c4   Number         0  startup_stm32f446xx.o ABSOLUTE
    __Vectors                                0x08000000   Data           4  startup_stm32f446xx.o(RESET)
    __Vectors_End                            0x080001c4   Data           0  startup_stm32f446xx.o(RESET)
    __main                                   0x080001c5   Thumb Code     8  __main.o(!!!main)
    __scatterload                            0x080001cd   Thumb Code     0  __scatter.o(!!!scatter)
    __scatterload_rt2                        0x080001cd   Thumb Code    84  __scatter.o(!!!scatter)
    __scatterload_rt2_thumb_only             0x080001cd   Thumb Code     0  __scatter.o(!!!scatter)
    __scatterload_loop                       0x080001d7   Thumb Code     0  __scatter.o(!!!scatter)
    __scatterload_copy                       0x08000229   Thumb Code    26  __scatter_copy.o(!!handler_copy)
    __scatterload_null                       0x08000245   Thumb Code     2  __scatter.o(!!handler_null)
    __scatterload_zeroinit                   0x08000249   Thumb Code    28  __scatter_zi.o(!!handler_zi)
    _printf_n                                0x08000265   Thumb Code     0  _printf_n.o(.ARM.Collect$$_printf_percent$$00000001)
    _printf_percent                          0x08000265   Thumb Code     0  _printf_percent.o(.ARM.Collect$$_printf_percent$$00000000)
    _printf_p                                0x0800026b   Thumb Code     0  _printf_p.o(.ARM.Collect$$_printf_percent$$00000002)
    _printf_f                                0x08000271   Thumb Code     0  _printf_f.o(.ARM.Collect$$_printf_percent$$00000003)
    _printf_e                                0x08000277   Thumb Code     0  _printf_e.o(.ARM.Collect$$_printf_percent$$00000004)
    _printf_g                                0x0800027d   Thumb Code     0  _printf_g.o(.ARM.Collect$$_printf_percent$$00000005)
    _printf_a                                0x08000283   Thumb Code     0  _printf_a.o(.ARM.Collect$$_printf_percent$$00000006)
    _printf_ll                               0x08000289   Thumb Code     0  _printf_ll.o(.ARM.Collect$$_printf_percent$$00000007)
    _printf_i                                0x08000293   Thumb Code     0  _printf_i.o(.ARM.Collect$$_printf_percent$$00000008)
    _printf_d                                0x08000299   Thumb Code     0  _printf_d.o(.ARM.Collect$$_printf_percent$$00000009)
    _printf_u                                0x0800029f   Thumb Code     0  _printf_u.o(.ARM.Collect$$_printf_percent$$0000000A)
    _printf_o                                0x080002a5   Thumb Code     0  _printf_o.o(.ARM.Collect$$_printf_percent$$0000000B)
    _printf_x                                0x080002ab   Thumb Code     0  _printf_x.o(.ARM.Collect$$_printf_percent$$0000000C)
    _printf_lli                              0x080002b1   Thumb Code     0  _printf_lli.o(.ARM.Collect$$_printf_percent$$0000000D)
    _printf_lld                              0x080002b7   Thumb Code     0  _printf_lld.o(.ARM.Collect$$_printf_percent$$0000000E)
    _printf_llu                              0x080002bd   Thumb Code     0  _printf_llu.o(.ARM.Collect$$_printf_percent$$0000000F)
    _printf_llo                              0x080002c3   Thumb Code     0  _printf_llo.o(.ARM.Collect$$_printf_percent$$00000010)
    _printf_llx                              0x080002c9   Thumb Code     0  _printf_llx.o(.ARM.Collect$$_printf_percent$$00000011)
    _printf_l                                0x080002cf   Thumb Code     0  _printf_l.o(.ARM.Collect$$_printf_percent$$00000012)
    _printf_c                                0x080002d9   Thumb Code     0  _printf_c.o(.ARM.Collect$$_printf_percent$$00000013)
    _printf_s                                0x080002df   Thumb Code     0  _printf_s.o(.ARM.Collect$$_printf_percent$$00000014)
    _printf_lc                               0x080002e5   Thumb Code     0  _printf_lc.o(.ARM.Collect$$_printf_percent$$00000015)
    _printf_ls                               0x080002eb   Thumb Code     0  _printf_ls.o(.ARM.Collect$$_printf_percent$$00000016)
    _printf_percent_end                      0x080002f1   Thumb Code     0  _printf_percent_end.o(.ARM.Collect$$_printf_percent$$00000017)
    __rt_lib_init                            0x080002f5   Thumb Code     0  libinit.o(.ARM.Collect$$libinit$$00000000)
    __rt_lib_init_fp_1                       0x080002f7   Thumb Code     0  libinit2.o(.ARM.Collect$$libinit$$00000001)
    __rt_lib_init_heap_1                     0x080002fb   Thumb Code     0  libinit2.o(.ARM.Collect$$libinit$$0000000C)
    __rt_lib_init_lc_common                  0x080002fb   Thumb Code     0  libinit2.o(.ARM.Collect$$libinit$$00000011)
    __rt_lib_init_preinit_1                  0x080002fb   Thumb Code     0  libinit2.o(.ARM.Collect$$libinit$$00000006)
    __rt_lib_init_rand_1                     0x080002fb   Thumb Code     0  libinit2.o(.ARM.Collect$$libinit$$00000010)
    __rt_lib_init_relocate_pie_1             0x080002fb   Thumb Code     0  libinit2.o(.ARM.Collect$$libinit$$00000004)
    __rt_lib_init_user_alloc_1               0x080002fb   Thumb Code     0  libinit2.o(.ARM.Collect$$libinit$$0000000E)
    __rt_lib_init_lc_collate_1               0x08000301   Thumb Code     0  libinit2.o(.ARM.Collect$$libinit$$00000013)
    __rt_lib_init_lc_ctype_2                 0x08000301   Thumb Code     0  libinit2.o(.ARM.Collect$$libinit$$00000014)
    __rt_lib_init_lc_ctype_1                 0x0800030d   Thumb Code     0  libinit2.o(.ARM.Collect$$libinit$$00000015)
    __rt_lib_init_lc_monetary_1              0x0800030d   Thumb Code     0  libinit2.o(.ARM.Collect$$libinit$$00000017)
    __rt_lib_init_lc_numeric_2               0x0800030d   Thumb Code     0  libinit2.o(.ARM.Collect$$libinit$$00000018)
    __rt_lib_init_alloca_1                   0x08000317   Thumb Code     0  libinit2.o(.ARM.Collect$$libinit$$00000030)
    __rt_lib_init_argv_1                     0x08000317   Thumb Code     0  libinit2.o(.ARM.Collect$$libinit$$0000002E)
    __rt_lib_init_atexit_1                   0x08000317   Thumb Code     0  libinit2.o(.ARM.Collect$$libinit$$0000001D)
    __rt_lib_init_clock_1                    0x08000317   Thumb Code     0  libinit2.o(.ARM.Collect$$libinit$$00000023)
    __rt_lib_init_cpp_1                      0x08000317   Thumb Code     0  libinit2.o(.ARM.Collect$$libinit$$00000034)
    __rt_lib_init_exceptions_1               0x08000317   Thumb Code     0  libinit2.o(.ARM.Collect$$libinit$$00000032)
    __rt_lib_init_fp_trap_1                  0x08000317   Thumb Code     0  libinit2.o(.ARM.Collect$$libinit$$00000021)
    __rt_lib_init_getenv_1                   0x08000317   Thumb Code     0  libinit2.o(.ARM.Collect$$libinit$$00000025)
    __rt_lib_init_lc_numeric_1               0x08000317   Thumb Code     0  libinit2.o(.ARM.Collect$$libinit$$00000019)
    __rt_lib_init_lc_time_1                  0x08000317   Thumb Code     0  libinit2.o(.ARM.Collect$$libinit$$0000001B)
    __rt_lib_init_return                     0x08000317   Thumb Code     0  libinit2.o(.ARM.Collect$$libinit$$00000035)
    __rt_lib_init_signal_1                   0x08000317   Thumb Code     0  libinit2.o(.ARM.Collect$$libinit$$0000001F)
    __rt_lib_init_stdio_1                    0x08000317   Thumb Code     0  libinit2.o(.ARM.Collect$$libinit$$00000027)
    __rt_lib_shutdown                        0x08000319   Thumb Code     0  libshutdown.o(.ARM.Collect$$libshutdown$$00000000)
    __rt_lib_shutdown_cpp_1                  0x0800031b   Thumb Code     0  libshutdown2.o(.ARM.Collect$$libshutdown$$00000002)
    __rt_lib_shutdown_fp_trap_1              0x0800031b   Thumb Code     0  libshutdown2.o(.ARM.Collect$$libshutdown$$00000007)
    __rt_lib_shutdown_heap_1                 0x0800031b   Thumb Code     0  libshutdown2.o(.ARM.Collect$$libshutdown$$0000000F)
    __rt_lib_shutdown_return                 0x0800031b   Thumb Code     0  libshutdown2.o(.ARM.Collect$$libshutdown$$00000010)
    __rt_lib_shutdown_signal_1               0x0800031b   Thumb Code     0  libshutdown2.o(.ARM.Collect$$libshutdown$$0000000A)
    __rt_lib_shutdown_stdio_1                0x0800031b   Thumb Code     0  libshutdown2.o(.ARM.Collect$$libshutdown$$00000004)
    __rt_lib_shutdown_user_alloc_1           0x0800031b   Thumb Code     0  libshutdown2.o(.ARM.Collect$$libshutdown$$0000000C)
    __rt_entry                               0x0800031d   Thumb Code     0  __rtentry.o(.ARM.Collect$$rtentry$$00000000)
    __rt_entry_presh_1                       0x0800031d   Thumb Code     0  __rtentry2.o(.ARM.Collect$$rtentry$$00000002)
    __rt_entry_sh                            0x0800031d   Thumb Code     0  __rtentry4.o(.ARM.Collect$$rtentry$$00000004)
    __rt_entry_li                            0x08000323   Thumb Code     0  __rtentry2.o(.ARM.Collect$$rtentry$$0000000A)
    __rt_entry_postsh_1                      0x08000323   Thumb Code     0  __rtentry2.o(.ARM.Collect$$rtentry$$00000009)
    __rt_entry_main                          0x08000327   Thumb Code     0  __rtentry2.o(.ARM.Collect$$rtentry$$0000000D)
    __rt_entry_postli_1                      0x08000327   Thumb Code     0  __rtentry2.o(.ARM.Collect$$rtentry$$0000000C)
    __rt_exit                                0x0800032f   Thumb Code     0  rtexit.o(.ARM.Collect$$rtexit$$00000000)
    __rt_exit_ls                             0x08000331   Thumb Code     0  rtexit2.o(.ARM.Collect$$rtexit$$00000003)
    __rt_exit_prels_1                        0x08000331   Thumb Code     0  rtexit2.o(.ARM.Collect$$rtexit$$00000002)
    __rt_exit_exit                           0x08000335   Thumb Code     0  rtexit2.o(.ARM.Collect$$rtexit$$00000004)
    Reset_Handler                            0x0800033d   Thumb Code     8  startup_stm32f446xx.o(.text)
    ADC_IRQHandler                           0x08000357   Thumb Code     0  startup_stm32f446xx.o(.text)
    CAN1_RX0_IRQHandler                      0x08000357   Thumb Code     0  startup_stm32f446xx.o(.text)
    CAN1_RX1_IRQHandler                      0x08000357   Thumb Code     0  startup_stm32f446xx.o(.text)
    CAN1_SCE_IRQHandler                      0x08000357   Thumb Code     0  startup_stm32f446xx.o(.text)
    CAN1_TX_IRQHandler                       0x08000357   Thumb Code     0  startup_stm32f446xx.o(.text)
    CAN2_RX0_IRQHandler                      0x08000357   Thumb Code     0  startup_stm32f446xx.o(.text)
    CAN2_RX1_IRQHandler                      0x08000357   Thumb Code     0  startup_stm32f446xx.o(.text)
    CAN2_SCE_IRQHandler                      0x08000357   Thumb Code     0  startup_stm32f446xx.o(.text)
    CAN2_TX_IRQHandler                       0x08000357   Thumb Code     0  startup_stm32f446xx.o(.text)
    CEC_IRQHandler                           0x08000357   Thumb Code     0  startup_stm32f446xx.o(.text)
    DCMI_IRQHandler                          0x08000357   Thumb Code     0  startup_stm32f446xx.o(.text)
    DMA1_Stream0_IRQHandler                  0x08000357   Thumb Code     0  startup_stm32f446xx.o(.text)
    DMA1_Stream1_IRQHandler                  0x08000357   Thumb Code     0  startup_stm32f446xx.o(.text)
    DMA1_Stream2_IRQHandler                  0x08000357   Thumb Code     0  startup_stm32f446xx.o(.text)
    DMA1_Stream3_IRQHandler                  0x08000357   Thumb Code     0  startup_stm32f446xx.o(.text)
    DMA1_Stream4_IRQHandler                  0x08000357   Thumb Code     0  startup_stm32f446xx.o(.text)
    DMA1_Stream5_IRQHandler                  0x08000357   Thumb Code     0  startup_stm32f446xx.o(.text)
    DMA1_Stream6_IRQHandler                  0x08000357   Thumb Code     0  startup_stm32f446xx.o(.text)
    DMA1_Stream7_IRQHandler                  0x08000357   Thumb Code     0  startup_stm32f446xx.o(.text)
    DMA2_Stream0_IRQHandler                  0x08000357   Thumb Code     0  startup_stm32f446xx.o(.text)
    DMA2_Stream1_IRQHandler                  0x08000357   Thumb Code     0  startup_stm32f446xx.o(.text)
    DMA2_Stream2_IRQHandler                  0x08000357   Thumb Code     0  startup_stm32f446xx.o(.text)
    DMA2_Stream3_IRQHandler                  0x08000357   Thumb Code     0  startup_stm32f446xx.o(.text)
    DMA2_Stream4_IRQHandler                  0x08000357   Thumb Code     0  startup_stm32f446xx.o(.text)
    DMA2_Stream5_IRQHandler                  0x08000357   Thumb Code     0  startup_stm32f446xx.o(.text)
    DMA2_Stream6_IRQHandler                  0x08000357   Thumb Code     0  startup_stm32f446xx.o(.text)
    DMA2_Stream7_IRQHandler                  0x08000357   Thumb Code     0  startup_stm32f446xx.o(.text)
    EXTI0_IRQHandler                         0x08000357   Thumb Code     0  startup_stm32f446xx.o(.text)
    EXTI15_10_IRQHandler                     0x08000357   Thumb Code     0  startup_stm32f446xx.o(.text)
    EXTI1_IRQHandler                         0x08000357   Thumb Code     0  startup_stm32f446xx.o(.text)
    EXTI2_IRQHandler                         0x08000357   Thumb Code     0  startup_stm32f446xx.o(.text)
    EXTI3_IRQHandler                         0x08000357   Thumb Code     0  startup_stm32f446xx.o(.text)
    EXTI4_IRQHandler                         0x08000357   Thumb Code     0  startup_stm32f446xx.o(.text)
    EXTI9_5_IRQHandler                       0x08000357   Thumb Code     0  startup_stm32f446xx.o(.text)
    FLASH_IRQHandler                         0x08000357   Thumb Code     0  startup_stm32f446xx.o(.text)
    FMC_IRQHandler                           0x08000357   Thumb Code     0  startup_stm32f446xx.o(.text)
    FMPI2C1_ER_IRQHandler                    0x08000357   Thumb Code     0  startup_stm32f446xx.o(.text)
    FMPI2C1_EV_IRQHandler                    0x08000357   Thumb Code     0  startup_stm32f446xx.o(.text)
    FPU_IRQHandler                           0x08000357   Thumb Code     0  startup_stm32f446xx.o(.text)
    I2C1_ER_IRQHandler                       0x08000357   Thumb Code     0  startup_stm32f446xx.o(.text)
    I2C1_EV_IRQHandler                       0x08000357   Thumb Code     0  startup_stm32f446xx.o(.text)
    I2C2_ER_IRQHandler                       0x08000357   Thumb Code     0  startup_stm32f446xx.o(.text)
    I2C2_EV_IRQHandler                       0x08000357   Thumb Code     0  startup_stm32f446xx.o(.text)
    I2C3_ER_IRQHandler                       0x08000357   Thumb Code     0  startup_stm32f446xx.o(.text)
    I2C3_EV_IRQHandler                       0x08000357   Thumb Code     0  startup_stm32f446xx.o(.text)
    OTG_FS_IRQHandler                        0x08000357   Thumb Code     0  startup_stm32f446xx.o(.text)
    OTG_FS_WKUP_IRQHandler                   0x08000357   Thumb Code     0  startup_stm32f446xx.o(.text)
    OTG_HS_EP1_IN_IRQHandler                 0x08000357   Thumb Code     0  startup_stm32f446xx.o(.text)
    OTG_HS_EP1_OUT_IRQHandler                0x08000357   Thumb Code     0  startup_stm32f446xx.o(.text)
    OTG_HS_IRQHandler                        0x08000357   Thumb Code     0  startup_stm32f446xx.o(.text)
    OTG_HS_WKUP_IRQHandler                   0x08000357   Thumb Code     0  startup_stm32f446xx.o(.text)
    PVD_IRQHandler                           0x08000357   Thumb Code     0  startup_stm32f446xx.o(.text)
    QUADSPI_IRQHandler                       0x08000357   Thumb Code     0  startup_stm32f446xx.o(.text)
    RCC_IRQHandler                           0x08000357   Thumb Code     0  startup_stm32f446xx.o(.text)
    RTC_Alarm_IRQHandler                     0x08000357   Thumb Code     0  startup_stm32f446xx.o(.text)
    RTC_WKUP_IRQHandler                      0x08000357   Thumb Code     0  startup_stm32f446xx.o(.text)
    SAI1_IRQHandler                          0x08000357   Thumb Code     0  startup_stm32f446xx.o(.text)
    SAI2_IRQHandler                          0x08000357   Thumb Code     0  startup_stm32f446xx.o(.text)
    SDIO_IRQHandler                          0x08000357   Thumb Code     0  startup_stm32f446xx.o(.text)
    SPDIF_RX_IRQHandler                      0x08000357   Thumb Code     0  startup_stm32f446xx.o(.text)
    SPI1_IRQHandler                          0x08000357   Thumb Code     0  startup_stm32f446xx.o(.text)
    SPI2_IRQHandler                          0x08000357   Thumb Code     0  startup_stm32f446xx.o(.text)
    SPI3_IRQHandler                          0x08000357   Thumb Code     0  startup_stm32f446xx.o(.text)
    SPI4_IRQHandler                          0x08000357   Thumb Code     0  startup_stm32f446xx.o(.text)
    TAMP_STAMP_IRQHandler                    0x08000357   Thumb Code     0  startup_stm32f446xx.o(.text)
    TIM1_BRK_TIM9_IRQHandler                 0x08000357   Thumb Code     0  startup_stm32f446xx.o(.text)
    TIM1_CC_IRQHandler                       0x08000357   Thumb Code     0  startup_stm32f446xx.o(.text)
    TIM1_TRG_COM_TIM11_IRQHandler            0x08000357   Thumb Code     0  startup_stm32f446xx.o(.text)
    TIM1_UP_TIM10_IRQHandler                 0x08000357   Thumb Code     0  startup_stm32f446xx.o(.text)
    TIM2_IRQHandler                          0x08000357   Thumb Code     0  startup_stm32f446xx.o(.text)
    TIM3_IRQHandler                          0x08000357   Thumb Code     0  startup_stm32f446xx.o(.text)
    TIM4_IRQHandler                          0x08000357   Thumb Code     0  startup_stm32f446xx.o(.text)
    TIM5_IRQHandler                          0x08000357   Thumb Code     0  startup_stm32f446xx.o(.text)
    TIM6_DAC_IRQHandler                      0x08000357   Thumb Code     0  startup_stm32f446xx.o(.text)
    TIM7_IRQHandler                          0x08000357   Thumb Code     0  startup_stm32f446xx.o(.text)
    TIM8_BRK_TIM12_IRQHandler                0x08000357   Thumb Code     0  startup_stm32f446xx.o(.text)
    TIM8_CC_IRQHandler                       0x08000357   Thumb Code     0  startup_stm32f446xx.o(.text)
    TIM8_TRG_COM_TIM14_IRQHandler            0x08000357   Thumb Code     0  startup_stm32f446xx.o(.text)
    TIM8_UP_TIM13_IRQHandler                 0x08000357   Thumb Code     0  startup_stm32f446xx.o(.text)
    UART4_IRQHandler                         0x08000357   Thumb Code     0  startup_stm32f446xx.o(.text)
    UART5_IRQHandler                         0x08000357   Thumb Code     0  startup_stm32f446xx.o(.text)
    USART1_IRQHandler                        0x08000357   Thumb Code     0  startup_stm32f446xx.o(.text)
    USART2_IRQHandler                        0x08000357   Thumb Code     0  startup_stm32f446xx.o(.text)
    USART3_IRQHandler                        0x08000357   Thumb Code     0  startup_stm32f446xx.o(.text)
    USART6_IRQHandler                        0x08000357   Thumb Code     0  startup_stm32f446xx.o(.text)
    WWDG_IRQHandler                          0x08000357   Thumb Code     0  startup_stm32f446xx.o(.text)
    __user_initial_stackheap                 0x08000359   Thumb Code     0  startup_stm32f446xx.o(.text)
    __aeabi_uldivmod                         0x0800037d   Thumb Code     0  lludivv7m.o(.text)
    _ll_udiv                                 0x0800037d   Thumb Code   240  lludivv7m.o(.text)
    vsnprintf                                0x0800046d   Thumb Code    56  vsnprintf.o(.text)
    strlen                                   0x080004a9   Thumb Code    62  strlen.o(.text)
    __aeabi_memclr4                          0x080004e7   Thumb Code     0  rt_memclr_w.o(.text)
    __aeabi_memclr8                          0x080004e7   Thumb Code     0  rt_memclr_w.o(.text)
    __rt_memclr_w                            0x080004e7   Thumb Code     0  rt_memclr_w.o(.text)
    _memset_w                                0x080004eb   Thumb Code    74  rt_memclr_w.o(.text)
    __use_two_region_memory                  0x08000535   Thumb Code     2  heapauxi.o(.text)
    __rt_heap_escrow$2region                 0x08000537   Thumb Code     2  heapauxi.o(.text)
    __rt_heap_expand$2region                 0x08000539   Thumb Code     2  heapauxi.o(.text)
    _printf_pre_padding                      0x0800053b   Thumb Code    44  _printf_pad.o(.text)
    _printf_post_padding                     0x08000567   Thumb Code    34  _printf_pad.o(.text)
    _printf_truncate_signed                  0x08000589   Thumb Code    18  _printf_truncate.o(.text)
    _printf_truncate_unsigned                0x0800059b   Thumb Code    18  _printf_truncate.o(.text)
    _printf_str                              0x080005ad   Thumb Code    82  _printf_str.o(.text)
    _printf_int_dec                          0x08000601   Thumb Code   104  _printf_dec.o(.text)
    _printf_charcount                        0x08000679   Thumb Code    40  _printf_charcount.o(.text)
    _printf_char_common                      0x080006ab   Thumb Code    32  _printf_char_common.o(.text)
    _snputc                                  0x080006d1   Thumb Code    16  _snputc.o(.text)
    _printf_wctomb                           0x080006e1   Thumb Code   182  _printf_wctomb.o(.text)
    _printf_longlong_dec                     0x0800079d   Thumb Code   108  _printf_longlong_dec.o(.text)
    _printf_longlong_oct                     0x08000819   Thumb Code    68  _printf_oct_int_ll.o(.text)
    _printf_int_oct                          0x0800085d   Thumb Code    24  _printf_oct_int_ll.o(.text)
    _printf_ll_oct                           0x08000875   Thumb Code    12  _printf_oct_int_ll.o(.text)
    _printf_longlong_hex                     0x08000889   Thumb Code    86  _printf_hex_int_ll_ptr.o(.text)
    _printf_int_hex                          0x080008df   Thumb Code    28  _printf_hex_int_ll_ptr.o(.text)
    _printf_ll_hex                           0x080008fb   Thumb Code    12  _printf_hex_int_ll_ptr.o(.text)
    _printf_hex_ptr                          0x08000907   Thumb Code    18  _printf_hex_int_ll_ptr.o(.text)
    __printf                                 0x0800091d   Thumb Code   388  __printf_flags_ss_wp.o(.text)
    _ll_udiv10                               0x08000aa5   Thumb Code   138  lludiv10.o(.text)
    _printf_int_common                       0x08000b2f   Thumb Code   178  _printf_intcommon.o(.text)
    _printf_fp_dec_real                      0x08000d91   Thumb Code   620  _printf_fp_dec.o(.text)
    _printf_fp_hex_real                      0x08000ffd   Thumb Code   756  _printf_fp_hex.o(.text)
    _printf_cs_common                        0x080012f9   Thumb Code    20  _printf_char.o(.text)
    _printf_char                             0x0800130d   Thumb Code    16  _printf_char.o(.text)
    _printf_string                           0x0800131d   Thumb Code     8  _printf_char.o(.text)
    _printf_lcs_common                       0x08001325   Thumb Code    20  _printf_wchar.o(.text)
    _printf_wchar                            0x08001339   Thumb Code    16  _printf_wchar.o(.text)
    _printf_wstring                          0x08001349   Thumb Code     8  _printf_wchar.o(.text)
    _c16rtomb                                0x08001351   Thumb Code    72  _c16rtomb.o(.text)
    _wcrtomb                                 0x08001351   Thumb Code     0  _c16rtomb.o(.text)
    __user_setup_stackheap                   0x08001399   Thumb Code    74  sys_stackheap_outer.o(.text)
    __rt_ctype_table                         0x080013e5   Thumb Code    16  rt_ctype_table.o(.text)
    __rt_locale                              0x080013f5   Thumb Code     8  rt_locale_intlibspace.o(.text)
    _printf_fp_infnan                        0x080013fd   Thumb Code   112  _printf_fp_infnan.o(.text)
    _btod_etento                             0x0800147d   Thumb Code   224  bigflt0.o(.text)
    exit                                     0x08001561   Thumb Code    18  exit.o(.text)
    __user_libspace                          0x08001575   Thumb Code     8  libspace.o(.text)
    __user_perproc_libspace                  0x08001575   Thumb Code     0  libspace.o(.text)
    __user_perthread_libspace                0x08001575   Thumb Code     0  libspace.o(.text)
    strcmp                                   0x08001581   Thumb Code   124  strcmpv7em.o(.text)
    _sys_exit                                0x080015fd   Thumb Code     8  sys_exit.o(.text)
    __I$use$semihosting                      0x08001609   Thumb Code     0  use_no_semi.o(.text)
    __use_no_semihosting_swi                 0x08001609   Thumb Code     2  use_no_semi.o(.text)
    __semihosting_library_function           0x0800160b   Thumb Code     0  indicate_semi.o(.text)
    BusFault_Handler                         0x0800160d   Thumb Code     2  stm32f4xx_it.o(.text.BusFault_Handler)
    DebugMon_Handler                         0x08001611   Thumb Code     2  stm32f4xx_it.o(.text.DebugMon_Handler)
    HAL_CRC_Init                             0x08001615   Thumb Code    46  stm32f4xx_hal_crc.o(.text.HAL_CRC_Init)
    HAL_CRC_MspInit                          0x08001645   Thumb Code    48  stm32f4xx_hal_msp.o(.text.HAL_CRC_MspInit)
    HAL_GPIO_Init                            0x08001675   Thumb Code   414  stm32f4xx_hal_gpio.o(.text.HAL_GPIO_Init)
    HAL_GPIO_ReadPin                         0x08001815   Thumb Code    10  stm32f4xx_hal_gpio.o(.text.HAL_GPIO_ReadPin)
    HAL_GPIO_WritePin                        0x08001821   Thumb Code    10  stm32f4xx_hal_gpio.o(.text.HAL_GPIO_WritePin)
    HAL_GetTick                              0x0800182d   Thumb Code    12  stm32f4xx_hal.o(.text.HAL_GetTick)
    HAL_IncTick                              0x08001839   Thumb Code    26  stm32f4xx_hal.o(.text.HAL_IncTick)
    HAL_Init                                 0x08001855   Thumb Code    54  stm32f4xx_hal.o(.text.HAL_Init)
    HAL_InitTick                             0x0800188d   Thumb Code    72  stm32f4xx_hal.o(.text.HAL_InitTick)
    HAL_MspInit                              0x080018d5   Thumb Code    60  stm32f4xx_hal_msp.o(.text.HAL_MspInit)
    HAL_NVIC_SetPriority                     0x08001911   Thumb Code    86  stm32f4xx_hal_cortex.o(.text.HAL_NVIC_SetPriority)
    HAL_NVIC_SetPriorityGrouping             0x08001969   Thumb Code    32  stm32f4xx_hal_cortex.o(.text.HAL_NVIC_SetPriorityGrouping)
    HAL_RCC_ClockConfig                      0x08001989   Thumb Code   356  stm32f4xx_hal_rcc.o(.text.HAL_RCC_ClockConfig)
    HAL_RCC_GetPCLK1Freq                     0x08001aed   Thumb Code    38  stm32f4xx_hal_rcc.o(.text.HAL_RCC_GetPCLK1Freq)
    HAL_RCC_GetPCLK2Freq                     0x08001b15   Thumb Code    38  stm32f4xx_hal_rcc.o(.text.HAL_RCC_GetPCLK2Freq)
    HAL_RCC_GetSysClockFreq                  0x08001b3d   Thumb Code   162  stm32f4xx_hal_rcc_ex.o(.text.HAL_RCC_GetSysClockFreq)
    HAL_RCC_OscConfig                        0x08001be1   Thumb Code   988  stm32f4xx_hal_rcc_ex.o(.text.HAL_RCC_OscConfig)
    HAL_SYSTICK_Config                       0x08001fbd   Thumb Code    44  stm32f4xx_hal_cortex.o(.text.HAL_SYSTICK_Config)
    HAL_UART_Init                            0x08001fe9   Thumb Code    96  stm32f4xx_hal_uart.o(.text.HAL_UART_Init)
    HAL_UART_MspInit                         0x08002049   Thumb Code   194  stm32f4xx_hal_msp.o(.text.HAL_UART_MspInit)
    HAL_UART_Transmit                        0x0800210d   Thumb Code   402  stm32f4xx_hal_uart.o(.text.HAL_UART_Transmit)
    HardFault_Handler                        0x080022a1   Thumb Code     2  stm32f4xx_it.o(.text.HardFault_Handler)
    MemManage_Handler                        0x080022a5   Thumb Code     2  stm32f4xx_it.o(.text.MemManage_Handler)
    NMI_Handler                              0x080022a9   Thumb Code     2  stm32f4xx_it.o(.text.NMI_Handler)
    PendSV_Handler                           0x080022ad   Thumb Code     2  stm32f4xx_it.o(.text.PendSV_Handler)
    SVC_Handler                              0x080022b1   Thumb Code     2  stm32f4xx_it.o(.text.SVC_Handler)
    SysTick_Handler                          0x080022b5   Thumb Code     4  stm32f4xx_it.o(.text.SysTick_Handler)
    SystemClock_Config                       0x080022b9   Thumb Code   164  main.o(.text.SystemClock_Config)
    SystemInit                               0x0800235d   Thumb Code    18  system_stm32f4xx.o(.text.SystemInit)
    UsageFault_Handler                       0x08002459   Thumb Code     2  stm32f4xx_it.o(.text.UsageFault_Handler)
    main                                     0x0800245d   Thumb Code   400  main.o(.text.main)
    _btod_d2e                                0x080026a5   Thumb Code    62  btod.o(CL$$btod_d2e)
    _d2e_denorm_low                          0x080026e3   Thumb Code    70  btod.o(CL$$btod_d2e_denorm_low)
    _d2e_norm_op1                            0x08002729   Thumb Code    96  btod.o(CL$$btod_d2e_norm_op1)
    __btod_div_common                        0x08002789   Thumb Code   696  btod.o(CL$$btod_div_common)
    _e2e                                     0x08002ac1   Thumb Code   220  btod.o(CL$$btod_e2e)
    _btod_ediv                               0x08002b9d   Thumb Code    42  btod.o(CL$$btod_ediv)
    _btod_emul                               0x08002bc7   Thumb Code    42  btod.o(CL$$btod_emul)
    __btod_mult_common                       0x08002bf1   Thumb Code   580  btod.o(CL$$btod_mult_common)
    __ARM_fpclassify                         0x08002e35   Thumb Code    48  fpclassify.o(i.__ARM_fpclassify)
    _is_digit                                0x08002e65   Thumb Code    14  __printf_wp.o(i._is_digit)
    _get_lc_numeric                          0x08002e75   Thumb Code    44  lc_numeric_c.o(locale$$code)
    _get_lc_ctype                            0x08002ea1   Thumb Code    44  lc_ctype_c.o(locale$$code)
    _fp_init                                 0x08002ecd   Thumb Code    26  fpinit.o(x$fpl$fpinit)
    __fplib_config_fpu_vfp                   0x08002ee5   Thumb Code     0  fpinit.o(x$fpl$fpinit)
    __fplib_config_pureend_doubles           0x08002ee5   Thumb Code     0  fpinit.o(x$fpl$fpinit)
    _printf_fp_dec                           0x08002ee7   Thumb Code     4  printf1.o(x$fpl$printf1)
    _printf_fp_hex                           0x08002eeb   Thumb Code     4  printf2.o(x$fpl$printf2)
    __I$use$fp                               0x08002eee   Number         0  usenofp.o(x$fpl$usenofp)
    AHBPrescTable                            0x08002fec   Data          16  system_stm32f4xx.o(.rodata.AHBPrescTable)
    APBPrescTable                            0x08002ffc   Data           8  system_stm32f4xx.o(.rodata.APBPrescTable)
    Region$$Table$$Base                      0x08003074   Number         0  anon$$obj.o(Region$$Table)
    Region$$Table$$Limit                     0x08003094   Number         0  anon$$obj.o(Region$$Table)
    __ctype                                  0x080030bd   Data           0  lc_ctype_c.o(locale$$data)
    uwTickFreq                               0x20000000   Data           1  stm32f4xx_hal.o(.data..L_MergedGlobals)
    uwTickPrio                               0x20000004   Data           4  stm32f4xx_hal.o(.data..L_MergedGlobals)
    SystemCoreClock                          0x20000008   Data           4  system_stm32f4xx.o(.data.SystemCoreClock)
    __libspace_start                         0x20000010   Data          96  libspace.o(.bss)
    __temporary_stack_top$libspace           0x20000070   Data           0  libspace.o(.bss)
    hcrc                                     0x20000070   Data           8  main.o(.bss..L_MergedGlobals)
    huart2                                   0x20000078   Data          72  main.o(.bss..L_MergedGlobals)
    huart3                                   0x200000c0   Data          72  main.o(.bss.huart3)
    uwTick                                   0x20000108   Data           4  stm32f4xx_hal.o(.bss.uwTick)



==============================================================================

Memory Map of the image

  Image Entry point : 0x080001c5

  Load Region LR_IROM1 (Base: 0x08000000, Size: 0x000031d0, Max: 0x00008000, ABSOLUTE)

    Execution Region ER_IROM1 (Exec base: 0x08000000, Load base: 0x08000000, Size: 0x000031c0, Max: 0x00008000, ABSOLUTE)

    Exec Addr    Load Addr    Size         Type   Attr      Idx    E Section Name        Object

    0x08000000   0x08000000   0x000001c4   Data   RO            3    RESET               startup_stm32f446xx.o
    0x080001c4   0x080001c4   0x00000008   Code   RO          675  * !!!main             c_w.l(__main.o)
    0x080001cc   0x080001cc   0x0000005c   Code   RO         1022    !!!scatter          c_w.l(__scatter.o)
    0x08000228   0x08000228   0x0000001a   Code   RO         1026    !!handler_copy      c_w.l(__scatter_copy.o)
    0x08000242   0x08000242   0x00000002   PAD
    0x08000244   0x08000244   0x00000002   Code   RO         1023    !!handler_null      c_w.l(__scatter.o)
    0x08000246   0x08000246   0x00000002   PAD
    0x08000248   0x08000248   0x0000001c   Code   RO         1028    !!handler_zi        c_w.l(__scatter_zi.o)
    0x08000264   0x08000264   0x00000000   Code   RO          763    .ARM.Collect$$_printf_percent$$00000000  c_w.l(_printf_percent.o)
    0x08000264   0x08000264   0x00000006   Code   RO          752    .ARM.Collect$$_printf_percent$$00000001  c_w.l(_printf_n.o)
    0x0800026a   0x0800026a   0x00000006   Code   RO          754    .ARM.Collect$$_printf_percent$$00000002  c_w.l(_printf_p.o)
    0x08000270   0x08000270   0x00000006   Code   RO          759    .ARM.Collect$$_printf_percent$$00000003  c_w.l(_printf_f.o)
    0x08000276   0x08000276   0x00000006   Code   RO          760    .ARM.Collect$$_printf_percent$$00000004  c_w.l(_printf_e.o)
    0x0800027c   0x0800027c   0x00000006   Code   RO          761    .ARM.Collect$$_printf_percent$$00000005  c_w.l(_printf_g.o)
    0x08000282   0x08000282   0x00000006   Code   RO          762    .ARM.Collect$$_printf_percent$$00000006  c_w.l(_printf_a.o)
    0x08000288   0x08000288   0x0000000a   Code   RO          767    .ARM.Collect$$_printf_percent$$00000007  c_w.l(_printf_ll.o)
    0x08000292   0x08000292   0x00000006   Code   RO          756    .ARM.Collect$$_printf_percent$$00000008  c_w.l(_printf_i.o)
    0x08000298   0x08000298   0x00000006   Code   RO          757    .ARM.Collect$$_printf_percent$$00000009  c_w.l(_printf_d.o)
    0x0800029e   0x0800029e   0x00000006   Code   RO          758    .ARM.Collect$$_printf_percent$$0000000A  c_w.l(_printf_u.o)
    0x080002a4   0x080002a4   0x00000006   Code   RO          755    .ARM.Collect$$_printf_percent$$0000000B  c_w.l(_printf_o.o)
    0x080002aa   0x080002aa   0x00000006   Code   RO          753    .ARM.Collect$$_printf_percent$$0000000C  c_w.l(_printf_x.o)
    0x080002b0   0x080002b0   0x00000006   Code   RO          764    .ARM.Collect$$_printf_percent$$0000000D  c_w.l(_printf_lli.o)
    0x080002b6   0x080002b6   0x00000006   Code   RO          765    .ARM.Collect$$_printf_percent$$0000000E  c_w.l(_printf_lld.o)
    0x080002bc   0x080002bc   0x00000006   Code   RO          766    .ARM.Collect$$_printf_percent$$0000000F  c_w.l(_printf_llu.o)
    0x080002c2   0x080002c2   0x00000006   Code   RO          771    .ARM.Collect$$_printf_percent$$00000010  c_w.l(_printf_llo.o)
    0x080002c8   0x080002c8   0x00000006   Code   RO          772    .ARM.Collect$$_printf_percent$$00000011  c_w.l(_printf_llx.o)
    0x080002ce   0x080002ce   0x0000000a   Code   RO          768    .ARM.Collect$$_printf_percent$$00000012  c_w.l(_printf_l.o)
    0x080002d8   0x080002d8   0x00000006   Code   RO          750    .ARM.Collect$$_printf_percent$$00000013  c_w.l(_printf_c.o)
    0x080002de   0x080002de   0x00000006   Code   RO          751    .ARM.Collect$$_printf_percent$$00000014  c_w.l(_printf_s.o)
    0x080002e4   0x080002e4   0x00000006   Code   RO          769    .ARM.Collect$$_printf_percent$$00000015  c_w.l(_printf_lc.o)
    0x080002ea   0x080002ea   0x00000006   Code   RO          770    .ARM.Collect$$_printf_percent$$00000016  c_w.l(_printf_ls.o)
    0x080002f0   0x080002f0   0x00000004   Code   RO          815    .ARM.Collect$$_printf_percent$$00000017  c_w.l(_printf_percent_end.o)
    0x080002f4   0x080002f4   0x00000002   Code   RO          870    .ARM.Collect$$libinit$$00000000  c_w.l(libinit.o)
    0x080002f6   0x080002f6   0x00000004   Code   RO          894    .ARM.Collect$$libinit$$00000001  c_w.l(libinit2.o)
    0x080002fa   0x080002fa   0x00000000   Code   RO          897    .ARM.Collect$$libinit$$00000004  c_w.l(libinit2.o)
    0x080002fa   0x080002fa   0x00000000   Code   RO          899    .ARM.Collect$$libinit$$00000006  c_w.l(libinit2.o)
    0x080002fa   0x080002fa   0x00000000   Code   RO          902    .ARM.Collect$$libinit$$0000000C  c_w.l(libinit2.o)
    0x080002fa   0x080002fa   0x00000000   Code   RO          904    .ARM.Collect$$libinit$$0000000E  c_w.l(libinit2.o)
    0x080002fa   0x080002fa   0x00000000   Code   RO          906    .ARM.Collect$$libinit$$00000010  c_w.l(libinit2.o)
    0x080002fa   0x080002fa   0x00000006   Code   RO          907    .ARM.Collect$$libinit$$00000011  c_w.l(libinit2.o)
    0x08000300   0x08000300   0x00000000   Code   RO          909    .ARM.Collect$$libinit$$00000013  c_w.l(libinit2.o)
    0x08000300   0x08000300   0x0000000c   Code   RO          910    .ARM.Collect$$libinit$$00000014  c_w.l(libinit2.o)
    0x0800030c   0x0800030c   0x00000000   Code   RO          911    .ARM.Collect$$libinit$$00000015  c_w.l(libinit2.o)
    0x0800030c   0x0800030c   0x00000000   Code   RO          913    .ARM.Collect$$libinit$$00000017  c_w.l(libinit2.o)
    0x0800030c   0x0800030c   0x0000000a   Code   RO          914    .ARM.Collect$$libinit$$00000018  c_w.l(libinit2.o)
    0x08000316   0x08000316   0x00000000   Code   RO          915    .ARM.Collect$$libinit$$00000019  c_w.l(libinit2.o)
    0x08000316   0x08000316   0x00000000   Code   RO          917    .ARM.Collect$$libinit$$0000001B  c_w.l(libinit2.o)
    0x08000316   0x08000316   0x00000000   Code   RO          919    .ARM.Collect$$libinit$$0000001D  c_w.l(libinit2.o)
    0x08000316   0x08000316   0x00000000   Code   RO          921    .ARM.Collect$$libinit$$0000001F  c_w.l(libinit2.o)
    0x08000316   0x08000316   0x00000000   Code   RO          923    .ARM.Collect$$libinit$$00000021  c_w.l(libinit2.o)
    0x08000316   0x08000316   0x00000000   Code   RO          925    .ARM.Collect$$libinit$$00000023  c_w.l(libinit2.o)
    0x08000316   0x08000316   0x00000000   Code   RO          927    .ARM.Collect$$libinit$$00000025  c_w.l(libinit2.o)
    0x08000316   0x08000316   0x00000000   Code   RO          929    .ARM.Collect$$libinit$$00000027  c_w.l(libinit2.o)
    0x08000316   0x08000316   0x00000000   Code   RO          933    .ARM.Collect$$libinit$$0000002E  c_w.l(libinit2.o)
    0x08000316   0x08000316   0x00000000   Code   RO          935    .ARM.Collect$$libinit$$00000030  c_w.l(libinit2.o)
    0x08000316   0x08000316   0x00000000   Code   RO          937    .ARM.Collect$$libinit$$00000032  c_w.l(libinit2.o)
    0x08000316   0x08000316   0x00000000   Code   RO          939    .ARM.Collect$$libinit$$00000034  c_w.l(libinit2.o)
    0x08000316   0x08000316   0x00000002   Code   RO          940    .ARM.Collect$$libinit$$00000035  c_w.l(libinit2.o)
    0x08000318   0x08000318   0x00000002   Code   RO          977    .ARM.Collect$$libshutdown$$00000000  c_w.l(libshutdown.o)
    0x0800031a   0x0800031a   0x00000000   Code   RO         1005    .ARM.Collect$$libshutdown$$00000002  c_w.l(libshutdown2.o)
    0x0800031a   0x0800031a   0x00000000   Code   RO         1007    .ARM.Collect$$libshutdown$$00000004  c_w.l(libshutdown2.o)
    0x0800031a   0x0800031a   0x00000000   Code   RO         1010    .ARM.Collect$$libshutdown$$00000007  c_w.l(libshutdown2.o)
    0x0800031a   0x0800031a   0x00000000   Code   RO         1013    .ARM.Collect$$libshutdown$$0000000A  c_w.l(libshutdown2.o)
    0x0800031a   0x0800031a   0x00000000   Code   RO         1015    .ARM.Collect$$libshutdown$$0000000C  c_w.l(libshutdown2.o)
    0x0800031a   0x0800031a   0x00000000   Code   RO         1018    .ARM.Collect$$libshutdown$$0000000F  c_w.l(libshutdown2.o)
    0x0800031a   0x0800031a   0x00000002   Code   RO         1019    .ARM.Collect$$libshutdown$$00000010  c_w.l(libshutdown2.o)
    0x0800031c   0x0800031c   0x00000000   Code   RO          677    .ARM.Collect$$rtentry$$00000000  c_w.l(__rtentry.o)
    0x0800031c   0x0800031c   0x00000000   Code   RO          782    .ARM.Collect$$rtentry$$00000002  c_w.l(__rtentry2.o)
    0x0800031c   0x0800031c   0x00000006   Code   RO          794    .ARM.Collect$$rtentry$$00000004  c_w.l(__rtentry4.o)
    0x08000322   0x08000322   0x00000000   Code   RO          784    .ARM.Collect$$rtentry$$00000009  c_w.l(__rtentry2.o)
    0x08000322   0x08000322   0x00000004   Code   RO          785    .ARM.Collect$$rtentry$$0000000A  c_w.l(__rtentry2.o)
    0x08000326   0x08000326   0x00000000   Code   RO          787    .ARM.Collect$$rtentry$$0000000C  c_w.l(__rtentry2.o)
    0x08000326   0x08000326   0x00000008   Code   RO          788    .ARM.Collect$$rtentry$$0000000D  c_w.l(__rtentry2.o)
    0x0800032e   0x0800032e   0x00000002   Code   RO          879    .ARM.Collect$$rtexit$$00000000  c_w.l(rtexit.o)
    0x08000330   0x08000330   0x00000000   Code   RO          946    .ARM.Collect$$rtexit$$00000002  c_w.l(rtexit2.o)
    0x08000330   0x08000330   0x00000004   Code   RO          947    .ARM.Collect$$rtexit$$00000003  c_w.l(rtexit2.o)
    0x08000334   0x08000334   0x00000006   Code   RO          948    .ARM.Collect$$rtexit$$00000004  c_w.l(rtexit2.o)
    0x0800033a   0x0800033a   0x00000002   PAD
    0x0800033c   0x0800033c   0x00000040   Code   RO            4    .text               startup_stm32f446xx.o
    0x0800037c   0x0800037c   0x000000f0   Code   RO          665    .text               c_w.l(lludivv7m.o)
    0x0800046c   0x0800046c   0x0000003c   Code   RO          667    .text               c_w.l(vsnprintf.o)
    0x080004a8   0x080004a8   0x0000003e   Code   RO          669    .text               c_w.l(strlen.o)
    0x080004e6   0x080004e6   0x0000004e   Code   RO          671    .text               c_w.l(rt_memclr_w.o)
    0x08000534   0x08000534   0x00000006   Code   RO          673    .text               c_w.l(heapauxi.o)
    0x0800053a   0x0800053a   0x0000004e   Code   RO          684    .text               c_w.l(_printf_pad.o)
    0x08000588   0x08000588   0x00000024   Code   RO          686    .text               c_w.l(_printf_truncate.o)
    0x080005ac   0x080005ac   0x00000052   Code   RO          688    .text               c_w.l(_printf_str.o)
    0x080005fe   0x080005fe   0x00000002   PAD
    0x08000600   0x08000600   0x00000078   Code   RO          690    .text               c_w.l(_printf_dec.o)
    0x08000678   0x08000678   0x00000028   Code   RO          692    .text               c_w.l(_printf_charcount.o)
    0x080006a0   0x080006a0   0x00000030   Code   RO          694    .text               c_w.l(_printf_char_common.o)
    0x080006d0   0x080006d0   0x00000010   Code   RO          696    .text               c_w.l(_snputc.o)
    0x080006e0   0x080006e0   0x000000bc   Code   RO          698    .text               c_w.l(_printf_wctomb.o)
    0x0800079c   0x0800079c   0x0000007c   Code   RO          701    .text               c_w.l(_printf_longlong_dec.o)
    0x08000818   0x08000818   0x00000070   Code   RO          707    .text               c_w.l(_printf_oct_int_ll.o)
    0x08000888   0x08000888   0x00000094   Code   RO          727    .text               c_w.l(_printf_hex_int_ll_ptr.o)
    0x0800091c   0x0800091c   0x00000188   Code   RO          747    .text               c_w.l(__printf_flags_ss_wp.o)
    0x08000aa4   0x08000aa4   0x0000008a   Code   RO          798    .text               c_w.l(lludiv10.o)
    0x08000b2e   0x08000b2e   0x000000b2   Code   RO          800    .text               c_w.l(_printf_intcommon.o)
    0x08000be0   0x08000be0   0x0000041c   Code   RO          802    .text               c_w.l(_printf_fp_dec.o)
    0x08000ffc   0x08000ffc   0x000002fc   Code   RO          806    .text               c_w.l(_printf_fp_hex.o)
    0x080012f8   0x080012f8   0x0000002c   Code   RO          811    .text               c_w.l(_printf_char.o)
    0x08001324   0x08001324   0x0000002c   Code   RO          813    .text               c_w.l(_printf_wchar.o)
    0x08001350   0x08001350   0x00000048   Code   RO          816    .text               c_w.l(_c16rtomb.o)
    0x08001398   0x08001398   0x0000004a   Code   RO          818    .text               c_w.l(sys_stackheap_outer.o)
    0x080013e2   0x080013e2   0x00000002   PAD
    0x080013e4   0x080013e4   0x00000010   Code   RO          820    .text               c_w.l(rt_ctype_table.o)
    0x080013f4   0x080013f4   0x00000008   Code   RO          825    .text               c_w.l(rt_locale_intlibspace.o)
    0x080013fc   0x080013fc   0x00000080   Code   RO          827    .text               c_w.l(_printf_fp_infnan.o)
    0x0800147c   0x0800147c   0x000000e4   Code   RO          829    .text               c_w.l(bigflt0.o)
    0x08001560   0x08001560   0x00000012   Code   RO          859    .text               c_w.l(exit.o)
    0x08001572   0x08001572   0x00000002   PAD
    0x08001574   0x08001574   0x00000008   Code   RO          876    .text               c_w.l(libspace.o)
    0x0800157c   0x0800157c   0x00000004   PAD
    0x08001580   0x08001580   0x0000007c   Code   RO          892    .text               c_w.l(strcmpv7em.o)
    0x080015fc   0x080015fc   0x0000000c   Code   RO          941    .text               c_w.l(sys_exit.o)
    0x08001608   0x08001608   0x00000002   Code   RO          966    .text               c_w.l(use_no_semi.o)
    0x0800160a   0x0800160a   0x00000000   Code   RO          968    .text               c_w.l(indicate_semi.o)
    0x0800160a   0x0800160a   0x00000002   PAD
    0x0800160c   0x0800160c   0x00000002   Code   RO           43    .text.BusFault_Handler  stm32f4xx_it.o
    0x0800160e   0x0800160e   0x00000002   PAD
    0x08001610   0x08001610   0x00000002   Code   RO           49    .text.DebugMon_Handler  stm32f4xx_it.o
    0x08001612   0x08001612   0x00000002   PAD
    0x08001614   0x08001614   0x0000002e   Code   RO           80    .text.HAL_CRC_Init  stm32f4xx_hal_crc.o
    0x08001642   0x08001642   0x00000002   PAD
    0x08001644   0x08001644   0x00000030   Code   RO           64    .text.HAL_CRC_MspInit  stm32f4xx_hal_msp.o
    0x08001674   0x08001674   0x0000019e   Code   RO          246    .text.HAL_GPIO_Init  stm32f4xx_hal_gpio.o
    0x08001812   0x08001812   0x00000002   PAD
    0x08001814   0x08001814   0x0000000a   Code   RO          250    .text.HAL_GPIO_ReadPin  stm32f4xx_hal_gpio.o
    0x0800181e   0x0800181e   0x00000002   PAD
    0x08001820   0x08001820   0x0000000a   Code   RO          252    .text.HAL_GPIO_WritePin  stm32f4xx_hal_gpio.o
    0x0800182a   0x0800182a   0x00000002   PAD
    0x0800182c   0x0800182c   0x0000000c   Code   RO          449    .text.HAL_GetTick   stm32f4xx_hal.o
    0x08001838   0x08001838   0x0000001a   Code   RO          447    .text.HAL_IncTick   stm32f4xx_hal.o
    0x08001852   0x08001852   0x00000002   PAD
    0x08001854   0x08001854   0x00000036   Code   RO          437    .text.HAL_Init      stm32f4xx_hal.o
    0x0800188a   0x0800188a   0x00000002   PAD
    0x0800188c   0x0800188c   0x00000048   Code   RO          439    .text.HAL_InitTick  stm32f4xx_hal.o
    0x080018d4   0x080018d4   0x0000003c   Code   RO           62    .text.HAL_MspInit   stm32f4xx_hal_msp.o
    0x08001910   0x08001910   0x00000056   Code   RO          387    .text.HAL_NVIC_SetPriority  stm32f4xx_hal_cortex.o
    0x08001966   0x08001966   0x00000002   PAD
    0x08001968   0x08001968   0x00000020   Code   RO          385    .text.HAL_NVIC_SetPriorityGrouping  stm32f4xx_hal_cortex.o
    0x08001988   0x08001988   0x00000164   Code   RO          106    .text.HAL_RCC_ClockConfig  stm32f4xx_hal_rcc.o
    0x08001aec   0x08001aec   0x00000026   Code   RO          118    .text.HAL_RCC_GetPCLK1Freq  stm32f4xx_hal_rcc.o
    0x08001b12   0x08001b12   0x00000002   PAD
    0x08001b14   0x08001b14   0x00000026   Code   RO          120    .text.HAL_RCC_GetPCLK2Freq  stm32f4xx_hal_rcc.o
    0x08001b3a   0x08001b3a   0x00000002   PAD
    0x08001b3c   0x08001b3c   0x000000a2   Code   RO          154    .text.HAL_RCC_GetSysClockFreq  stm32f4xx_hal_rcc_ex.o
    0x08001bde   0x08001bde   0x00000002   PAD
    0x08001be0   0x08001be0   0x000003dc   Code   RO          158    .text.HAL_RCC_OscConfig  stm32f4xx_hal_rcc_ex.o
    0x08001fbc   0x08001fbc   0x0000002c   Code   RO          397    .text.HAL_SYSTICK_Config  stm32f4xx_hal_cortex.o
    0x08001fe8   0x08001fe8   0x00000060   Code   RO          527    .text.HAL_UART_Init  stm32f4xx_hal_uart.o
    0x08002048   0x08002048   0x000000c2   Code   RO           68    .text.HAL_UART_MspInit  stm32f4xx_hal_msp.o
    0x0800210a   0x0800210a   0x00000002   PAD
    0x0800210c   0x0800210c   0x00000192   Code   RO          543    .text.HAL_UART_Transmit  stm32f4xx_hal_uart.o
    0x0800229e   0x0800229e   0x00000002   PAD
    0x080022a0   0x080022a0   0x00000002   Code   RO           39    .text.HardFault_Handler  stm32f4xx_it.o
    0x080022a2   0x080022a2   0x00000002   PAD
    0x080022a4   0x080022a4   0x00000002   Code   RO           41    .text.MemManage_Handler  stm32f4xx_it.o
    0x080022a6   0x080022a6   0x00000002   PAD
    0x080022a8   0x080022a8   0x00000002   Code   RO           37    .text.NMI_Handler   stm32f4xx_it.o
    0x080022aa   0x080022aa   0x00000002   PAD
    0x080022ac   0x080022ac   0x00000002   Code   RO           51    .text.PendSV_Handler  stm32f4xx_it.o
    0x080022ae   0x080022ae   0x00000002   PAD
    0x080022b0   0x080022b0   0x00000002   Code   RO           47    .text.SVC_Handler   stm32f4xx_it.o
    0x080022b2   0x080022b2   0x00000002   PAD
    0x080022b4   0x080022b4   0x00000004   Code   RO           53    .text.SysTick_Handler  stm32f4xx_it.o
    0x080022b8   0x080022b8   0x000000a4   Code   RO           13    .text.SystemClock_Config  main.o
    0x0800235c   0x0800235c   0x00000012   Code   RO          649    .text.SystemInit    system_stm32f4xx.o
    0x0800236e   0x0800236e   0x00000002   PAD
    0x08002370   0x08002370   0x000000e6   Code   RO          531    .text.UART_SetConfig  stm32f4xx_hal_uart.o
    0x08002456   0x08002456   0x00000002   PAD
    0x08002458   0x08002458   0x00000002   Code   RO           45    .text.UsageFault_Handler  stm32f4xx_it.o
    0x0800245a   0x0800245a   0x00000002   PAD
    0x0800245c   0x0800245c   0x00000204   Code   RO           11    .text.main          main.o
    0x08002660   0x08002660   0x00000044   Code   RO           15    .text.printmsg      main.o
    0x080026a4   0x080026a4   0x0000003e   Code   RO          832    CL$$btod_d2e        c_w.l(btod.o)
    0x080026e2   0x080026e2   0x00000046   Code   RO          834    CL$$btod_d2e_denorm_low  c_w.l(btod.o)
    0x08002728   0x08002728   0x00000060   Code   RO          833    CL$$btod_d2e_norm_op1  c_w.l(btod.o)
    0x08002788   0x08002788   0x00000338   Code   RO          842    CL$$btod_div_common  c_w.l(btod.o)
    0x08002ac0   0x08002ac0   0x000000dc   Code   RO          839    CL$$btod_e2e        c_w.l(btod.o)
    0x08002b9c   0x08002b9c   0x0000002a   Code   RO          836    CL$$btod_ediv       c_w.l(btod.o)
    0x08002bc6   0x08002bc6   0x0000002a   Code   RO          835    CL$$btod_emul       c_w.l(btod.o)
    0x08002bf0   0x08002bf0   0x00000244   Code   RO          841    CL$$btod_mult_common  c_w.l(btod.o)
    0x08002e34   0x08002e34   0x00000030   Code   RO          874    i.__ARM_fpclassify  m_wm.l(fpclassify.o)
    0x08002e64   0x08002e64   0x0000000e   Code   RO          740    i._is_digit         c_w.l(__printf_wp.o)
    0x08002e72   0x08002e72   0x00000002   PAD
    0x08002e74   0x08002e74   0x0000002c   Code   RO          857    locale$$code        c_w.l(lc_numeric_c.o)
    0x08002ea0   0x08002ea0   0x0000002c   Code   RO          886    locale$$code        c_w.l(lc_ctype_c.o)
    0x08002ecc   0x08002ecc   0x0000001a   Code   RO          960    x$fpl$fpinit        fz_wm.l(fpinit.o)
    0x08002ee6   0x08002ee6   0x00000004   Code   RO          773    x$fpl$printf1       fz_wm.l(printf1.o)
    0x08002eea   0x08002eea   0x00000004   Code   RO          775    x$fpl$printf2       fz_wm.l(printf2.o)
    0x08002eee   0x08002eee   0x00000000   Code   RO          873    x$fpl$usenofp       fz_wm.l(usenofp.o)
    0x08002eee   0x08002eee   0x00000002   PAD
    0x08002ef0   0x08002ef0   0x00000008   Data   RO          699    .constdata          c_w.l(_printf_wctomb.o)
    0x08002ef8   0x08002ef8   0x00000028   Data   RO          728    .constdata          c_w.l(_printf_hex_int_ll_ptr.o)
    0x08002f20   0x08002f20   0x00000011   Data   RO          748    .constdata          c_w.l(__printf_flags_ss_wp.o)
    0x08002f31   0x08002f31   0x00000026   Data   RO          807    .constdata          c_w.l(_printf_fp_hex.o)
    0x08002f57   0x08002f57   0x00000001   PAD
    0x08002f58   0x08002f58   0x00000094   Data   RO          830    .constdata          c_w.l(bigflt0.o)
    0x08002fec   0x08002fec   0x00000010   Data   RO          654    .rodata.AHBPrescTable  system_stm32f4xx.o
    0x08002ffc   0x08002ffc   0x00000008   Data   RO          655    .rodata.APBPrescTable  system_stm32f4xx.o
    0x08003004   0x08003004   0x0000006f   Data   RO           25    .rodata.str1.1      main.o
    0x08003073   0x08003073   0x00000001   PAD
    0x08003074   0x08003074   0x00000020   Data   RO         1021    Region$$Table       anon$$obj.o
    0x08003094   0x08003094   0x0000001c   Data   RO          856    locale$$data        c_w.l(lc_numeric_c.o)
    0x080030b0   0x080030b0   0x00000110   Data   RO          885    locale$$data        c_w.l(lc_ctype_c.o)


    Execution Region RW_IRAM1 (Exec base: 0x20000000, Load base: 0x080031c0, Size: 0x00000710, Max: 0x00020000, ABSOLUTE)

    Exec Addr    Load Addr    Size         Type   Attr      Idx    E Section Name        Object

    0x20000000   0x080031c0   0x00000008   Data   RW          492    .data..L_MergedGlobals  stm32f4xx_hal.o
    0x20000008   0x080031c8   0x00000004   Data   RW          653    .data.SystemCoreClock  system_stm32f4xx.o
    0x2000000c   0x080031cc   0x00000004   PAD
    0x20000010        -       0x00000060   Zero   RW          877    .bss                c_w.l(libspace.o)
    0x20000070        -       0x00000050   Zero   RW           28    .bss..L_MergedGlobals  main.o
    0x200000c0        -       0x00000048   Zero   RW           26    .bss.huart3         main.o
    0x20000108        -       0x00000004   Zero   RW          491    .bss.uwTick         stm32f4xx_hal.o
    0x2000010c   0x080031cc   0x00000004   PAD
    0x20000110        -       0x00000200   Zero   RW            2    HEAP                startup_stm32f446xx.o
    0x20000310        -       0x00000400   Zero   RW            1    STACK               startup_stm32f446xx.o


==============================================================================

Image component sizes


      Code (inc. data)   RO Data    RW Data    ZI Data      Debug   Object Name

       748        116        111          0        152       8692   main.o
        64         26        452          0       1536        848   startup_stm32f446xx.o
       164          0          0          8          4       7521   stm32f4xx_hal.o
       162          0          0          0          0      10849   stm32f4xx_hal_cortex.o
        46          0          0          0          0       3564   stm32f4xx_hal_crc.o
       434          0          0          0          0       5492   stm32f4xx_hal_gpio.o
       302          0          0          0          0       6222   stm32f4xx_hal_msp.o
       432          0          0          0          0       7591   stm32f4xx_hal_rcc.o
      1150          4          0          0          0      11177   stm32f4xx_hal_rcc_ex.o
       728          0          0          0          0      32169   stm32f4xx_hal_uart.o
        20          0          0          0          0       1146   stm32f4xx_it.o
        18          0         24          4          0       2763   system_stm32f4xx.o

    ----------------------------------------------------------------------
      4312        146        620         12       1700      98034   Object Totals
         0          0         32          0          0          0   (incl. Generated)
        44          0          1          0          8          0   (incl. Padding)

    ----------------------------------------------------------------------

      Code (inc. data)   RO Data    RW Data    ZI Data      Debug   Library Member Name

         8          0          0          0          0         68   __main.o
       392          4         17          0          0         92   __printf_flags_ss_wp.o
        14          0          0          0          0         68   __printf_wp.o
         0          0          0          0          0          0   __rtentry.o
        12          0          0          0          0          0   __rtentry2.o
         6          0          0          0          0          0   __rtentry4.o
        94          8          0          0          0          0   __scatter.o
        26          0          0          0          0          0   __scatter_copy.o
        28          0          0          0          0          0   __scatter_zi.o
        72          0          0          0          0         96   _c16rtomb.o
         6          0          0          0          0          0   _printf_a.o
         6          0          0          0          0          0   _printf_c.o
        44          0          0          0          0        108   _printf_char.o
        48          6          0          0          0         96   _printf_char_common.o
        40          0          0          0          0         68   _printf_charcount.o
         6          0          0          0          0          0   _printf_d.o
       120         16          0          0          0         92   _printf_dec.o
         6          0          0          0          0          0   _printf_e.o
         6          0          0          0          0          0   _printf_f.o
      1052          0          0          0          0        148   _printf_fp_dec.o
       764          8         38          0          0        100   _printf_fp_hex.o
       128         16          0          0          0         84   _printf_fp_infnan.o
         6          0          0          0          0          0   _printf_g.o
       148          4         40          0          0        160   _printf_hex_int_ll_ptr.o
         6          0          0          0          0          0   _printf_i.o
       178          0          0          0          0         88   _printf_intcommon.o
        10          0          0          0          0          0   _printf_l.o
         6          0          0          0          0          0   _printf_lc.o
        10          0          0          0          0          0   _printf_ll.o
         6          0          0          0          0          0   _printf_lld.o
         6          0          0          0          0          0   _printf_lli.o
         6          0          0          0          0          0   _printf_llo.o
         6          0          0          0          0          0   _printf_llu.o
         6          0          0          0          0          0   _printf_llx.o
       124         16          0          0          0         92   _printf_longlong_dec.o
         6          0          0          0          0          0   _printf_ls.o
         6          0          0          0          0          0   _printf_n.o
         6          0          0          0          0          0   _printf_o.o
       112          8          0          0          0        124   _printf_oct_int_ll.o
         6          0          0          0          0          0   _printf_p.o
        78          0          0          0          0        108   _printf_pad.o
         0          0          0          0          0          0   _printf_percent.o
         4          0          0          0          0          0   _printf_percent_end.o
         6          0          0          0          0          0   _printf_s.o
        82          0          0          0          0         80   _printf_str.o
        36          0          0          0          0         84   _printf_truncate.o
         6          0          0          0          0          0   _printf_u.o
        44          0          0          0          0        108   _printf_wchar.o
       188          6          8          0          0         92   _printf_wctomb.o
         6          0          0          0          0          0   _printf_x.o
        16          0          0          0          0         68   _snputc.o
       228          4        148          0          0         96   bigflt0.o
      1936        128          0          0          0        668   btod.o
        18          0          0          0          0         80   exit.o
         6          0          0          0          0        152   heapauxi.o
         0          0          0          0          0          0   indicate_semi.o
        44         10        272          0          0         76   lc_ctype_c.o
        44         10         28          0          0         76   lc_numeric_c.o
         2          0          0          0          0          0   libinit.o
        34          0          0          0          0          0   libinit2.o
         2          0          0          0          0          0   libshutdown.o
         2          0          0          0          0          0   libshutdown2.o
         8          4          0          0         96         68   libspace.o
       138          0          0          0          0         80   lludiv10.o
       240          0          0          0          0        100   lludivv7m.o
        16          4          0          0          0         76   rt_ctype_table.o
         8          4          0          0          0         68   rt_locale_intlibspace.o
        78          0          0          0          0         80   rt_memclr_w.o
         2          0          0          0          0          0   rtexit.o
        10          0          0          0          0          0   rtexit2.o
       124          0          0          0          0         88   strcmpv7em.o
        62          0          0          0          0         76   strlen.o
        12          4          0          0          0         68   sys_exit.o
        74          0          0          0          0         80   sys_stackheap_outer.o
         2          0          0          0          0         68   use_no_semi.o
        60          4          0          0          0         80   vsnprintf.o
        26          0          0          0          0        116   fpinit.o
         4          0          0          0          0        116   printf1.o
         4          0          0          0          0        116   printf2.o
         0          0          0          0          0          0   usenofp.o
        48          0          0          0          0        124   fpclassify.o

    ----------------------------------------------------------------------
      7252        268        552          0         96       4576   Library Totals
        22          4          1          0          0          0   (incl. Padding)

    ----------------------------------------------------------------------

      Code (inc. data)   RO Data    RW Data    ZI Data      Debug   Library Name

      7148        264        551          0         96       4104   c_w.l
        34          0          0          0          0        348   fz_wm.l
        48          0          0          0          0        124   m_wm.l

    ----------------------------------------------------------------------
      7252        268        552          0         96       4576   Library Totals

    ----------------------------------------------------------------------

==============================================================================


      Code (inc. data)   RO Data    RW Data    ZI Data      Debug   

     11564        414       1172         12       1796     100094   Grand Totals
     11564        414       1172         12       1796     100094   ELF Image Totals
     11564        414       1172         12          0          0   ROM Totals

==============================================================================

    Total RO  Size (Code + RO Data)                12736 (  12.44kB)
    Total RW  Size (RW Data + ZI Data)              1808 (   1.77kB)
    Total ROM Size (Code + RO Data + RW Data)      12748 (  12.45kB)

==============================================================================

